01-18 14:27:24.307  1651  4233 I WindowManager: Try to add startingWindow type = STARTING_WINDOW_TYPE_SPLASH_SCREEN this = ActivityRecord{2516e55 u0 com.ludo.shazapiano/.MainActivity t1418} mOccludesParent = true preAllowTaskSnapshot = true afterAllowTaskSnapshot = true newTask = true taskSwitch = true processRunning = false activityCreated = false activityAllDrawn = false isSnapshotCompatible = false resolvedTheme = 2131689634 theme = 2131689634
01-18 14:27:24.318  1651  4233 D WindowManager: Collecting in transition 2328: ActivityRecord{2516e55 u0 com.ludo.shazapiano/.MainActivity t1418} init visibleRequested:false
01-18 14:27:24.322  2316  2401 I SoScStageCoordinator: Transition requested:TransitionRequestInfo { type = OPEN, triggerTask = TaskInfo{userId=0 taskId=1418 displayId=0 isRunning=true baseIntent=Intent { act=android.intent.action.MAIN cat=[android.intent.category.LAUNCHER] flg=0x30000000 cmp=com.ludo.shazapiano/.MainActivity } baseActivity=ComponentInfo{com.ludo.shazapiano/com.ludo.shazapiano.MainActivity} topActivity=ComponentInfo{com.ludo.shazapiano/com.ludo.shazapiano.MainActivity} origActivity=null realActivity=ComponentInfo{com.ludo.shazapiano/com.ludo.shazapiano.MainActivity} numActivities=1 lastActiveTime=621924710 supportsSplitScreenMultiWindow=true supportsMultiWindow=true resizeMode=1 isResizeable=true minWidth=-1 minHeight=-1 defaultMinSize=200 token=WCT{android.window.IWindowContainerToken$Stub$Proxy@911f088} topActivityType=1 pictureInPictureParams=null shouldDockBigOverlays=false launchIntoPipHostTaskId=-1 lastParentTaskIdBeforePip=-1 displayCutoutSafeInsets=Rect(0, 68 - 0, 0) topActivityInfo=ActivityInfo{51d0a21 com.ludo.shazapiano.MainActivity} launchCookies=[] positionInParent=Point(0, 0) parentTaskId=-1 isFocused=false isVisible=false isVisibleRequested=false isSleeping=false locusId=null displayAreaFeatureId=1 isTopActivityTransparent=false appCompatTaskInfo=AppCompatTaskInfo { topActivityInSizeCompat=false topActivityEligibleForLetterboxEducation= falseisLetterboxEducationEnabled= false isLetterboxDoubleTapEnabled= false topActivityEligibleForUserAspectRatioButton= false topActivityBoundsLetterboxed= false isFromLetterboxDoubleTap= false topActivityLetterboxVerticalPosition= -1 topActivityLetterboxHorizontalPosition= -1 topActivityLetterboxWidth=720 topActivityLetterboxHeight=1640 isUserFullscreenOverrideEnabled=false isSystemFullscreenOverrideEnabled=false cameraCompatTaskInfo=CameraCompatTaskInfo { cameraCompatControlState=hidden freeformCameraCompatMode=inactive}} isImmersive=false mTopActivityRequestOrientation=-2 mBehindAppLockPkg=null mOriginatingUid=0 isEmbedded=false shouldBeVisible=true isCreatedByOrganizer=false mIsCastMode=false mTopActivityMediaSize=null mTopActivityRecordName=ActivityRecord{2516e55 u0 com.ludo.shazapiano/.MainActivity t1418} mTopActivityOrientation=-2}, pipTask = null, remoteTransition = null, displayChange = null, flags = 0, debugId = 2328 } isSoScActive:false triggerTask:TaskInfo{userId=0 taskId=1418 displayId=0 isRunning=true baseIntent=Intent { act=android.intent.action.MAIN cat=[android.intent.category.LAUNCHER] flg=0x30000000 cmp=com.ludo.shazapiano/.MainActivity } baseActivity=ComponentInfo{com.ludo.shazapiano/com.ludo.shazapiano.MainActivity} topActivity=ComponentInfo{com.ludo.shazapiano/com.ludo.shazapiano.MainActivity} origActivity=null realActivity=ComponentInfo{com.ludo.shazapiano/com.ludo.shazapiano.MainActivity} numActivities=1 lastActiveTime=621924710 supportsSplitScreenMultiWindow=true supportsMultiWindow=true resizeMode=1 isResizeable=true minWidth=-1 minHeight=-1 defaultMinSize=200 token=WCT{android.window.IWindowContainerToken$Stub$Proxy@911f088} topActivityType=1 pictureInPictureParams=null shouldDockBigOverlays=false launchIntoPipHostTaskId=-1 lastParentTaskIdBeforePip=-1 displayCutoutSafeInsets=Rect(0, 68 - 0, 0) topActivityInfo=ActivityInfo{51d0a21 com.ludo.shazapiano.MainActivity} launchCookies=[] positionInParent=Point(0, 0) parentTaskId=-1 isFocused=false isVisible=false isVisibleRequested=false isSleeping=false locusId=null displayAreaFeatureId=1 isTopActivityTransparent=false appCompatTaskInfo=AppCompatTaskInfo { topActivityInSizeCompat=false topActivityEligibleForLetterboxEducation= falseisLetterboxEducationEnabled= false isLetterboxDoubleTapEnabled= false topActivityEligibleForUserAspectRatioButton= false topActivityBoundsLetterboxed= false isFromLetterboxDoubleTap= false topActivityLetterboxVerticalPosition= -1 topActivityLetterboxHorizontalPosition= -1 topActivityLetterboxWidth=720 topActivityLetterboxHeight=1640 isUserFullscreenOverrideEnabled=false isSystemFullscreenOverrideEnabled=false cameraCompatTaskInfo=CameraCompatTaskInfo { cameraCompa
01-18 14:27:24.323  1651  4233 I ActivityTaskManager: START u0 {act=android.intent.action.MAIN cat=[android.intent.category.LAUNCHER] flg=0x30000000 cmp=com.ludo.shazapiano/.MainActivity (has extras)} with LAUNCH_SINGLE_TOP from uid 2000 from pid 29662 callingPackage com.android.shell (BAL_ALLOW_PERMISSION) result code=0
01-18 14:27:24.337  2316  2519 D VRI[shazapiano]: hardware acceleration = true, forceHwAccelerated = false
01-18 14:27:24.337  2316  2519 I ViewRootImpl: Splash Screen com.ludo.shazapiano use first frame acceleration
01-18 14:27:24.340   929  1727 I BufferQueueDebug: [275d10f Splash Screen com.ludo.shazapiano#31202](this:0xb400007c7d120e58,id:-1,api:0,p:-1,c:-1) BufferQueue core=(929:/system/bin/surfaceflinger)
01-18 14:27:24.341  2316  2316 D KeyguardEditorHelper: onTopActivityMayChanged, topActivity=ComponentInfo{com.ludo.shazapiano/com.ludo.shazapiano.MainActivity}; mState=IDEL
01-18 14:27:24.347  1651  1667 D CoreBackPreview: Window{275d10f u0 Splash Screen com.ludo.shazapiano}: Setting back callback OnBackInvokedCallbackInfo{mCallback=android.window.IOnBackInvokedCallback$Stub$Proxy@b486f2b, mPriority=0, mIsAnimationCallback=false}
01-18 14:27:24.348  1651  1678 I SmartPower: com.ludo.shazapiano/10559(0): -1->background(0ms) R(become background) adj=-10000.
01-18 14:27:24.348   929  3335 I BufferQueueDebug: [Splash Screen com.ludo.shazapiano#31203](this:0xb400007c7d1b9b18,id:-1,api:0,p:-1,c:-1) BufferQueue core=(929:/system/bin/surfaceflinger)
01-18 14:27:24.354  1651  1678 I PowerHalWrapper: amsBoostProcessCreate package:com.ludo.shazapiano
01-18 14:27:24.356  1651  1678 I ActivityManager: Posting procStart msg for 0:com.ludo.shazapiano/u0a559
01-18 14:27:24.358  2316  2519 D BLASTBufferQueue: [VRI[shazapiano]#1060](f:0,a:0) constructor()
01-18 14:27:24.358  2316  2519 D BLASTBufferQueue: [VRI[shazapiano]#1060](f:0,a:0) update width=720 height=1640 format=-3 mTransformHint=0
01-18 14:27:24.360  2316  2519 D VRI[shazapiano]: vri.reportNextDraw android.view.ViewRootImpl.performTraversals:4965 android.view.ViewRootImpl.doTraversal:3571 android.view.ViewRootImpl$TraversalRunnable.run:11781 android.view.Choreographer$CallbackRecord.run:1808 android.view.Choreographer$CallbackRecord.run:1817
01-18 14:27:24.361  2316  2519 D VRI[shazapiano]: Setup new sync=wmsSync-VRI[shazapiano]#75
01-18 14:27:24.362 27314 27314 I Finsky  : [2] AIM: AppInfoCacheUpdater -> invalidating apps: [com.ludo.shazapiano]
01-18 14:27:24.372  2316  2576 D BLASTBufferQueue: [VRI[shazapiano]#1060](f:0,a:1) acquireNextBufferLocked size=720x1640 mFrameNumber=1 applyTransaction=true mTimestamp=469409956663053(auto) mPendingTransactions.size=0 graphicBufferId=9947144275912 transform=0
01-18 14:27:24.374  2316  2519 D VRI[shazapiano]: vri.reportDrawFinished
01-18 14:27:24.377 27314 27442 I Finsky  : [191] AIM: AppInfoManager-Perf > OnDeviceAppInfo > cacheHitCount=0, cacheMissCount=1. Missed  in cache (limit 10) : [com.ludo.shazapiano]
01-18 14:27:24.400 29146 29148 I artd    : GetBestInfo: /data/app/~~JRxVWWi3vvp1c7cpEpYu7Q==/com.ludo.shazapiano-3oz1X_Id41aPIz0-AofKWA==/base.apk has no usable artifacts
01-18 14:27:24.421  1651  3913 I AppsFilter: interaction: PackageSetting{aa00341 com.android.microdroid.empty_payload/10268} -> PackageSetting{75d2c7e com.ludo.shazapiano/10559} BLOCKED
01-18 14:27:24.424  2322  3709 E ActivityManagerWrapper:  mainTaskId=1418   userId=0   windowMode=1   baseIntent=Intent { act=android.intent.action.MAIN flag=805306368 cmp=ComponentInfo{com.ludo.shazapiano/com.ludo.shazapiano.MainActivity} }
01-18 14:27:24.425  1651  1698 I ActivityManager: Start proc 29679:com.ludo.shazapiano/u0a559 for next-top-activity {com.ludo.shazapiano/com.ludo.shazapiano.MainActivity} caller=com.android.shell
01-18 14:27:24.425  1651  3913 I AppsFilter: interaction: PackageSetting{2948627 com.fido.asm/10181} -> PackageSetting{75d2c7e com.ludo.shazapiano/10559} BLOCKED
01-18 14:27:24.425  1651  3913 I AppsFilter: interaction: PackageSetting{34730d4 com.example.growdlev2/10352} -> PackageSetting{75d2c7e com.ludo.shazapiano/10559} BLOCKED
01-18 14:27:24.426  1651  3913 D WindowManager: Collecting in transition 2328: ActivityRecord{2516e55 u0 com.ludo.shazapiano/.MainActivity t1418} init visibleRequested:false
01-18 14:27:24.428  2322  3709 D RecentsTaskLoader: reloadTasksData [TaskKey{id=1418, stackId=0, baseIntent=Intent { act=android.intent.action.MAIN cat=[android.intent.category.LAUNCHER] flg=0x30000000 cmp=com.ludo.shazapiano/.MainActivity }, userId=0, lastActiveTime=621924710, windowingMode=1, isThumbnailBlur=false, isAccessLocked=false, isScreening=false, topActivity=ComponentInfo{com.ludo.shazapiano/com.ludo.shazapiano.MainActivity}, mHashCode=43167190}, title=ShazaPiano, titleDescription=ShazaPiano, bounds=null, isLaunchTarget=false, isStackTask=true, isSystemApp=false, isDockable=true, baseActivity=ComponentInfo{com.ludo.shazapiano/com.ludo.shazapiano.MainActivity}, isLocked=false, mNeedHide=false, hasMultipleTasks=false, cti1Key=, cti2Key=]
01-18 14:27:24.431 29679 29679 E Zygote  : process_name_ptr:29679 com.ludo.shazapiano
01-18 14:27:24.432 29679 29679 E Zygote  : SetMemoryProtected process_name_ptr:29679 com.ludo.shazapiano
01-18 14:27:24.442 27314 27443 I Finsky  : [192] AIM: AppInfoManager-Perf > OnDeviceAppInfo > cacheHitCount=0, cacheMissCount=1. Missed  in cache (limit 10) : [com.ludo.shazapiano]
01-18 14:27:24.461  2322  2393 E InstallApkReceiver: install:package:com.ludo.shazapiano
01-18 14:27:24.466 29679 29679 I ludo.shazapiano: Late-enabling -Xcheck:jni
01-18 14:27:24.476  3021 29694 D ContactDirectoryManager: onPackageChanged,updateDirectoriesForPackage, packageName:com.ludo.shazapiano
01-18 14:27:24.530  3021 29694 D ContactDirectoryManager: onPackageChanged,updateDirectoriesForPackage, packageName:com.ludo.shazapiano
01-18 14:27:24.535 27314 27314 I Finsky  : [2] AIM: AppInfoCacheUpdater -> invalidating apps: [com.ludo.shazapiano]
01-18 14:27:24.549 27314 27433 I Finsky  : [187] AIM: AppInfoManager-Perf > OnDeviceAppInfo > cacheHitCount=0, cacheMissCount=1. Missed  in cache (limit 10) : [com.ludo.shazapiano]
01-18 14:27:24.560  5937  6024 D AppOpsCompat: Checking auto-start restriction for package: com.ludo.shazapiano
01-18 14:27:24.564 29146 29148 I artd    : GetBestInfo: /data/app/~~JRxVWWi3vvp1c7cpEpYu7Q==/com.ludo.shazapiano-3oz1X_Id41aPIz0-AofKWA==/base.apk has no usable artifacts
01-18 14:27:24.586 29679 29679 I ludo.shazapiano: Using CollectorTypeCMC GC.
01-18 14:27:24.593  2322  3709 E ActivityManagerWrapper:  mainTaskId=1418   userId=0   windowMode=1   baseIntent=Intent { act=android.intent.action.MAIN flag=805306368 cmp=ComponentInfo{com.ludo.shazapiano/com.ludo.shazapiano.MainActivity} }
01-18 14:27:24.598  7338  7735 D AppStatChecker: first launch package: com.ludo.shazapiano
01-18 14:27:24.609 15308 29706 I ProximityAuth: [RecentAppsMediator] Package added: (user=UserHandle{0}) com.ludo.shazapiano
01-18 14:27:24.626  2322  3709 D RecentsTaskLoader: reloadTasksData [TaskKey{id=1418, stackId=0, baseIntent=Intent { act=android.intent.action.MAIN cat=[android.intent.category.LAUNCHER] flg=0x30000000 cmp=com.ludo.shazapiano/.MainActivity }, userId=0, lastActiveTime=621924710, windowingMode=1, isThumbnailBlur=false, isAccessLocked=false, isScreening=false, topActivity=ComponentInfo{com.ludo.shazapiano/com.ludo.shazapiano.MainActivity}, mHashCode=43167190}, title=ShazaPiano, titleDescription=ShazaPiano, bounds=null, isLaunchTarget=false, isStackTask=true, isSystemApp=false, isDockable=true, baseActivity=ComponentInfo{com.ludo.shazapiano/com.ludo.shazapiano.MainActivity}, isLocked=false, mNeedHide=false, hasMultipleTasks=false, cti1Key=, cti2Key=]
01-18 14:27:24.674 22921 22921 D AppActiveReceiver: receive app active broadcast for: com.ludo.shazapiano, install from: null
01-18 14:27:24.706  1651  1697 D InternationalPolicyManager: isAutoStartRestrict packageName=com.ludo.shazapiano mode=1
01-18 14:27:24.706  1651  1697 D InternationalPolicyManager: OnOpChangedListener pkg=com.ludo.shazapiano allow=false
01-18 14:27:24.715 22921 22965 I MiPicks-LocalAppManager: add package to list: com.ludo.shazapiano
01-18 14:27:25.029 29679 29679 D ActivityThread: setEmbeddedParam packageName=com.ludo.shazapiano processName=com.ludo.shazapiano isEmbedded=false isIsolated=false
01-18 14:27:25.199  9342  9342 D AppActiveReceiver: receive app active broadcast for: com.ludo.shazapiano, install from: null
01-18 14:27:25.673 27314 27333 W android.vending: ApkAssets: Deleting an ApkAssets object '<empty> and /data/app/~~JRxVWWi3vvp1c7cpEpYu7Q==/com.ludo.shazapiano-3oz1X_Id41aPIz0-AofKWA==/base.apk' with 1 weak references
01-18 14:27:25.799 29679 29679 D nativeloader: Configuring clns-7 for other apk /data/app/~~JRxVWWi3vvp1c7cpEpYu7Q==/com.ludo.shazapiano-3oz1X_Id41aPIz0-AofKWA==/base.apk. target_sdk_version=34, uses_libraries=, library_path=/data/app/~~JRxVWWi3vvp1c7cpEpYu7Q==/com.ludo.shazapiano-3oz1X_Id41aPIz0-AofKWA==/lib/arm64:/data/app/~~JRxVWWi3vvp1c7cpEpYu7Q==/com.ludo.shazapiano-3oz1X_Id41aPIz0-AofKWA==/base.apk!/lib/arm64-v8a, permitted_path=/data:/mnt/expand:/data/user/0/com.ludo.shazapiano
01-18 14:27:25.861  1651  2224 I UiModeManager: systemserver package:com.ludo.shazapiano null
01-18 14:27:25.861 29679 29679 I ForceDarkHelperStubImpl: initialize for com.ludo.shazapiano , ForceDarkAppConfig: null
01-18 14:27:25.876  1651  1768 D MiuiForceVkService: shouldUseVk, pkg=com.ludo.shazapiano useVk 0
01-18 14:27:26.000 29679 29897 W ludo.shazapiano: Loading /data/misc/apexdata/com.android.art/dalvik-cache/arm64/system@framework@com.android.location.provider.jar@classes.odex non-executable as it requires an image which we failed to load
01-18 14:27:26.031 29679 29897 W ludo.shazapiano: Loading /data/app/~~-nrbdUjW5HDnqUFOvo3Y2Q==/com.google.android.gms-_0-RQvQZRy_CKor9-uF-OA==/oat/arm64/base.odex non-executable as it requires an image which we failed to load
01-18 14:27:26.100 29679 29902 W ludo.shazapiano: ClassLoaderContext classpath size mismatch. expected=1, found=0 (DLC[];PCL[base.apk*940910263]{PCL[/system/framework/org.apache.http.legacy.jar*4025584831]#PCL[/system/framework/com.android.media.remotedisplay.jar*2042759013]#PCL[/system/framework/com.android.location.provider.jar*3414091812]#PCL[/system_ext/framework/androidx.window.extensions.jar*2144449161]#PCL[/system_ext/framework/androidx.window.sidecar.jar*2958050178]} | DLC[];PCL[])
01-18 14:27:26.189 29679 29902 W ludo.shazapiano: ClassLoaderContext classpath element checksum mismatch. expected=940910263, found=3738105059 (DLC[];PCL[base.apk*940910263]{PCL[/system/framework/org.apache.http.legacy.jar*4025584831]#PCL[/system/framework/com.android.media.remotedisplay.jar*2042759013]#PCL[/system/framework/com.android.location.provider.jar*3414091812]#PCL[/system_ext/framework/androidx.window.extensions.jar*2144449161]#PCL[/system_ext/framework/androidx.window.sidecar.jar*2958050178]} | DLC[];PCL[/data/app/~~JRxVWWi3vvp1c7cpEpYu7Q==/com.ludo.shazapiano-3oz1X_Id41aPIz0-AofKWA==/base.apk*3738105059]{PCL[/system_ext/framework/androidx.window.extensions.jar*2144449161]#PCL[/system_ext/framework/androidx.window.sidecar.jar*2958050178]})
01-18 14:27:26.215 29679 29679 I FirebaseCrashlytics: Initializing Firebase Crashlytics 18.6.3 for com.ludo.shazapiano
01-18 14:27:26.270 15308 29251 I PhenotypeResourceReader: unable to find any Phenotype resource metadata for com.ludo.shazapiano
01-18 14:27:26.499 29679 30052 I ludo.shazapiano: hiddenapi: Accessing hidden method Ldalvik/system/VMStack;->getStackClass2()Ljava/lang/Class; (runtime_flags=0, domain=core-platform, api=unsupported) from Lm7/aox; (domain=app, TargetSdkVersion=34) using reflection: allowed
01-18 14:27:26.523 29679 30050 E ludo.shazapiano: No package ID 6a found for resource ID 0x6a0b0013.
01-18 14:27:26.531 29679 30050 I FA      :   adb shell setprop debug.firebase.analytics.app com.ludo.shazapiano
01-18 14:27:26.560 20449 20449 I PackageInstallReceiver: action = android.intent.action.PACKAGE_ADDED packageName = com.ludo.shazapiano
01-18 14:27:26.564  1651  1768 D ShortcutService: Getting shortcuts for launcher= com.mi.globalminusscreenuser=0 pkg=com.ludo.shazapiano
01-18 14:27:26.564  1651  1768 D ShortcutService: getShortcutsInnerLocked() returned empty results because com.ludo.shazapiano isn't loaded
01-18 14:27:26.567 20449 20449 I PackageInstallReceiver: action = android.intent.action.PACKAGE_CHANGED packageName = com.ludo.shazapiano
01-18 14:27:26.584 29679 29679 I ContentProvider: com.ludo.shazapiano.firebaseinitprovider onCreate use 667 ms!
01-18 14:27:26.649  1651  2451 D PackageManager: set app component=ComponentInfo{com.ludo.shazapiano/androidx.work.impl.background.systemjob.SystemJobService} enabled state: 1 from com.ludo.shazapiano,uid=10559,pid=29679
01-18 14:27:26.674  7464  7464 I PI-ScanDispatch: service bind, pkgName = com.ludo.shazapiano, installer = null, isReplace = false, firstGoogleTime = 1735211146910
01-18 14:27:26.675  1651  3872 D WindowManager: Collecting in transition 2328: ActivityRecord{2516e55 u0 com.ludo.shazapiano/.MainActivity t1418} init visibleRequested:true
01-18 14:27:26.679  1651  3872 I SmartPower: com.ludo.shazapiano/10559(29679): background->invisible(2331ms) R(become foreground) adj=0.
01-18 14:27:26.684  1651  3872 D AurogonImmobulusMode: launch app processName = com.ludo.shazapiano uid = 10559
01-18 14:27:26.688  1651  3872 I PowerHalWrapper: amsBoostNotify pid:29679,activity:com.ludo.shazapiano.MainActivity, package:com.ludo.shazapiano, mProcessCreatePackcom.ludo.shazapiano
01-18 14:27:26.689  1651  3872 I ScnModule: [GameDetection] packname: com.ludo.shazapiano, apkSize: 96477428.
01-18 14:27:26.689  1651  3872 I mtkpower_client: [PowerHal_Wrap_notifyAppState] com.ludo.shazapiano/com.ludo.shazapiano.MainActivity pid=29679 activityId:38891093 state:1
01-18 14:27:26.690   866   866 I vendor.mediatek.hardware.mtkpower_applist-service.mediatek: packName: com.ludo.shazapiano actName: com.ludo.shazapiano.MainActivity pid: 29679 activityId: 38891093 uid: 10559 state: 1
01-18 14:27:26.690   866   866 I MTK_APPList: [notifyAPPstate] com.ludo.shazapiano/com.ludo.shazapiano.MainActivity, pid=29679, activityId=38891093, uid=10559, state:RESUMED, fps:-1, win:1
01-18 14:27:26.690   866   866 I MTK_APPList: [notifyAPPstate] multi_resumed_app_info[3] com.ludo.shazapiano/com.ludo.shazapiano.MainActivity, pid:29679, activityId:38891093, fps:-1, isMultiWindow:1
01-18 14:27:26.690   866   866 I MTK_APPList: [notifyAPPstate] foreground:com.ludo.shazapiano, pid:29679, activityId:38891093, uid:10559
01-18 14:27:26.694   866   866 I MTK_APPList: [notifyAPPstate] pc:0, com.google.android.youtube => com.ludo.shazapiano
01-18 14:27:26.695  1651  1696 D PeriodicCleaner: com.ludo.shazapiano re-installed, NewAppId=10559, OldAppId=10558
01-18 14:27:26.700  1202 15620 D ResourceManagerServiceNew: update package name: com.ludo.shazapiano
01-18 14:27:26.704  1202 15620 D ResourceManagerServiceNew: packageName: com.ludo.shazapiano, uid : 10559, hashCode : 197798928
01-18 14:27:26.713  1651  1679 I SmartPower: com.ludo.shazapiano/10559(29679): invisible->visible(34ms) R(become visible) adj=0.
01-18 14:27:26.713  1651  1679 I WindowManager: wms.showSurfaceRobustly mWin:Window{275d10f u0 Splash Screen com.ludo.shazapiano}
01-18 14:27:26.716  1651  1679 D WindowManager: Final targets: [Task{fde5037 #1418 type=standard A=10559:com.ludo.shazapiano}, Task{94dda62 #1397 type=standard A=10225:com.google.android.youtube}]
01-18 14:27:26.767   929  1727 I BufferQueueDebug: [6938c5e ActivityRecordInputSink com.ludo.shazapiano/.MainActivity#31205](this:0xb400007c7d140268,id:-1,api:0,p:-1,c:-1) BufferQueue core=(929:/system/bin/surfaceflinger)
01-18 14:27:26.780  6086 16418 D PerfEngineController: ForegroundInfo{mForegroundPackageName='com.ludo.shazapiano', mForegroundUid=10559, mForegroundPid=29679, mForegroundDisplayId=0, mLastForegroundPackageName='com.google.android.youtube', mLastForegroundUid=10225, mLastForegroundPid=7130, mLastForegroundDisplayId=0, mMultiWindowForegroundPackageName='com.ludo.shazapiano', mMultiWindowForegroundUid=10559, mFlags=1}
01-18 14:27:26.800 29679 30097 D vulkan  : searching for layers in '/data/app/~~JRxVWWi3vvp1c7cpEpYu7Q==/com.ludo.shazapiano-3oz1X_Id41aPIz0-AofKWA==/lib/arm64'
01-18 14:27:26.807 29679 30097 D vulkan  : searching for layers in '/data/app/~~JRxVWWi3vvp1c7cpEpYu7Q==/com.ludo.shazapiano-3oz1X_Id41aPIz0-AofKWA==/base.apk!/lib/arm64-v8a'
01-18 14:27:26.813  1651  3870 I Transition: finishTransition: updateLastSurfacePosition tf=Task{fde5037 #1418 type=standard A=10559:com.ludo.shazapiano}
01-18 14:27:26.830 29679 30097 D vulkan  : added global layer 'VK_LAYER_KHRONOS_validation' from library '/data/app/~~JRxVWWi3vvp1c7cpEpYu7Q==/com.ludo.shazapiano-3oz1X_Id41aPIz0-AofKWA==/base.apk!/lib/arm64-v8a/libVkLayer_khronos_validation.so'
01-18 14:27:26.831  1651  1679 I ActivityTaskManager: visible for Task{fde5037 #1418 type=standard A=10559:com.ludo.shazapiano} visible = true isAnimating = false TRANSITION = false PARENTS = false CHILDREN = false
01-18 14:27:26.835 29679 30097 D vulkan  : searching for layers in '/data/app/~~JRxVWWi3vvp1c7cpEpYu7Q==/com.ludo.shazapiano-3oz1X_Id41aPIz0-AofKWA==/lib/arm64'
01-18 14:27:26.835 29679 30097 D vulkan  : searching for layers in '/data/app/~~JRxVWWi3vvp1c7cpEpYu7Q==/com.ludo.shazapiano-3oz1X_Id41aPIz0-AofKWA==/base.apk!/lib/arm64-v8a'
01-18 14:27:26.840  2322  3709 W RecentsModel: getRunningTask   taskInfo=TaskInfo{userId=0 taskId=1418 displayId=0 isRunning=true baseIntent=Intent { act=android.intent.action.MAIN cat=[android.intent.category.LAUNCHER] flg=0x30000000 cmp=com.ludo.shazapiano/.MainActivity } baseActivity=ComponentInfo{com.ludo.shazapiano/com.ludo.shazapiano.MainActivity} topActivity=ComponentInfo{com.ludo.shazapiano/com.ludo.shazapiano.MainActivity} origActivity=null realActivity=ComponentInfo{com.ludo.shazapiano/com.ludo.shazapiano.MainActivity} numActivities=1 lastActiveTime=621927233 supportsSplitScreenMultiWindow=true supportsMultiWindow=true resizeMode=1 isResizeable=true minWidth=-1 minHeight=-1 defaultMinSize=200 token=WCT{android.window.IWindowContainerToken$Stub$Proxy@5c18e7e} topActivityType=1 pictureInPictureParams=null shouldDockBigOverlays=false launchIntoPipHostTaskId=-1 lastParentTaskIdBeforePip=-1 displayCutoutSafeInsets=Rect(0, 68 - 0, 0) topActivityInfo=ActivityInfo{483fdf com.ludo.shazapiano.MainActivity} launchCookies=[] positionInParent=Point(0, 0) parentTaskId=-1 isFocused=true isVisible=true isVisibleRequested=true isSleeping=false locusId=null displayAreaFeatureId=1 isTopActivityTransparent=false appCompatTaskInfo=AppCompatTaskInfo { topActivityInSizeCompat=false topActivityEligibleForLetterboxEducation= falseisLetterboxEducationEnabled= false isLetterboxDoubleTapEnabled= false topActivityEligibleForUserAspectRatioButton= false topActivityBoundsLetterboxed= false isFromLetterboxDoubleTap= false topActivityLetterboxVerticalPosition= -1 topActivityLetterboxHorizontalPosition= -1 topActivityLetterboxWidth=720 topActivityLetterboxHeight=1640 isUserFullscreenOverrideEnabled=false isSystemFullscreenOverrideEnabled=false cameraCompatTaskInfo=CameraCompatTaskInfo { cameraCompatControlState=hidden freeformCameraCompatMode=inactive}} isImmersive=false mTopActivityRequestOrientation=-1 mBehindAppLockPkg=null mOriginatingUid=0 isEmbedded=false shouldBeVisible=true isCreatedByOrganizer=false mIsCastMode=false mTopActivityMediaSize=null mTopActivityRecordName=ActivityRecord{2516e55 u0 com.ludo.shazapiano/.MainActivity t1418} mTopActivityOrientation=-1}
01-18 14:27:26.847  2322  3709 E ActivityManagerWrapper:  mainTaskId=1418   userId=0   windowMode=1   baseIntent=Intent { act=android.intent.action.MAIN flag=805306368 cmp=ComponentInfo{com.ludo.shazapiano/com.ludo.shazapiano.MainActivity} }
01-18 14:27:26.849  2322  3709 D RecentsTaskLoader: reloadTasksData [TaskKey{id=1418, stackId=0, baseIntent=Intent { act=android.intent.action.MAIN cat=[android.intent.category.LAUNCHER] flg=0x30000000 cmp=com.ludo.shazapiano/.MainActivity }, userId=0, lastActiveTime=621927077, windowingMode=1, isThumbnailBlur=false, isAccessLocked=false, isScreening=false, topActivity=ComponentInfo{com.ludo.shazapiano/com.ludo.shazapiano.MainActivity}, mHashCode=43167190}, title=ShazaPiano, titleDescription=ShazaPiano, bounds=null, isLaunchTarget=false, isStackTask=true, isSystemApp=false, isDockable=true, baseActivity=ComponentInfo{com.ludo.shazapiano/com.ludo.shazapiano.MainActivity}, isLocked=false, mNeedHide=false, hasMultipleTasks=false, cti1Key=, cti2Key=]
01-18 14:27:26.855 27938 27960 I ProcessMonitor: onForegroundInfoChanged: ForegroundInfo{mForegroundPackageName='com.ludo.shazapiano', mForegroundUid=10559, mForegroundPid=29679, mForegroundDisplayId=0, mLastForegroundPackageName='com.google.android.youtube', mLastForegroundUid=10225, mLastForegroundPid=7130, mLastForegroundDisplayId=0, mMultiWindowForegroundPackageName='com.ludo.shazapiano', mMultiWindowForegroundUid=10559, mFlags=1}
01-18 14:27:26.860 29679 30097 D MMUD    : mtk_memory_debug_init com.ludo.shazapiano 0xb400007c73c3e5d0
01-18 14:27:26.871  6086  7326 D DFS-AppUsageTracker: Fg changed, new=com.ludo.shazapiano, but charging.
01-18 14:27:26.871 29679 30112 E ludo.shazapiano: setpriority success to 100 : mali-cmar-backend
01-18 14:27:26.890   929  1727 D MI-SF   : updateScene: module = 248 (Video), value = 0, pkg = com.ludo.shazapiano
01-18 14:27:26.891   929  1727 D MI-SF   : updateScene: module = 271 (Unknown), value = 0, pkg = com.ludo.shazapiano
01-18 14:27:26.925 29679 30116 D FlutterJNI: Beginning load of flutter...
01-18 14:27:27.033  1651  1679 I ActivityTaskManager: visible for Task{fde5037 #1418 type=standard A=10559:com.ludo.shazapiano} visible = true isAnimating = false TRANSITION = false PARENTS = false CHILDREN = false
01-18 14:27:27.033  2316  2401 D MiuiFreeformModeController: onFocusTaskChanged taskInfo: TaskInfo{userId=0 taskId=1418 displayId=0 isRunning=true baseIntent=Intent { act=android.intent.action.MAIN cat=[android.intent.category.LAUNCHER] flg=0x30000000 cmp=com.ludo.shazapiano/.MainActivity } baseActivity=ComponentInfo{com.ludo.shazapiano/com.ludo.shazapiano.MainActivity} topActivity=ComponentInfo{com.ludo.shazapiano/com.ludo.shazapiano.MainActivity} origActivity=null realActivity=ComponentInfo{com.ludo.shazapiano/com.ludo.shazapiano.MainActivity} numActivities=1 lastActiveTime=621927077 supportsSplitScreenMultiWindow=true supportsMultiWindow=true resizeMode=1 isResizeable=true minWidth=-1 minHeight=-1 defaultMinSize=200 token=WCT{android.window.IWindowContainerToken$Stub$Proxy@4a7983d} topActivityType=1 pictureInPictureParams=null shouldDockBigOverlays=false launchIntoPipHostTaskId=-1 lastParentTaskIdBeforePip=-1 displayCutoutSafeInsets=Rect(0, 68 - 0, 0) topActivityInfo=ActivityInfo{7ec9832 com.ludo.shazapiano.MainActivity} launchCookies=[] positionInParent=Point(0, 0) parentTaskId=-1 isFocused=true isVisible=true isVisibleRequested=true isSleeping=false locusId=null displayAreaFeatureId=1 isTopActivityTransparent=false appCompatTaskInfo=AppCompatTaskInfo { topActivityInSizeCompat=false topActivityEligibleForLetterboxEducation= falseisLetterboxEducationEnabled= false isLetterboxDoubleTapEnabled= false topActivityEligibleForUserAspectRatioButton= false topActivityBoundsLetterboxed= false isFromLetterboxDoubleTap= false topActivityLetterboxVerticalPosition= -1 topActivityLetterboxHorizontalPosition= -1 topActivityLetterboxWidth=720 topActivityLetterboxHeight=1640 isUserFullscreenOverrideEnabled=false isSystemFullscreenOverrideEnabled=false cameraCompatTaskInfo=CameraCompatTaskInfo { cameraCompatControlState=hidden freeformCameraCompatMode=inactive}} isImmersive=false mTopActivityRequestOrientation=-1 mBehindAppLockPkg=null mOriginatingUid=0 isEmbedded=false shouldBeVisible=true isCreatedByOrganizer=false mIsCastMode=false mTopActivityMediaSize=null mTopActivityRecordName=ActivityRecord{2516e55 u0 com.ludo.shazapiano/.MainActivity t1418} mTopActivityOrientation=-1}
01-18 14:27:27.050  1651  1679 I ActivityTaskManager: visible for Task{fde5037 #1418 type=standard A=10559:com.ludo.shazapiano} visible = true isAnimating = false TRANSITION = false PARENTS = false CHILDREN = false
01-18 14:27:27.072 29679 30116 D nativeloader: Load /data/app/~~JRxVWWi3vvp1c7cpEpYu7Q==/com.ludo.shazapiano-3oz1X_Id41aPIz0-AofKWA==/base.apk!/lib/arm64-v8a/libflutter.so using class loader ns clns-7 (caller=/data/app/~~JRxVWWi3vvp1c7cpEpYu7Q==/com.ludo.shazapiano-3oz1X_Id41aPIz0-AofKWA==/base.apk!classes21.dex): ok
01-18 14:27:27.074 29679 30116 D FlutterJNI: flutter (null) was loaded normally!
01-18 14:27:27.572  1651  1734 I AppsFilter: interaction: PackageSetting{aa00341 com.android.microdroid.empty_payload/10268} -> PackageSetting{98275a1 com.ludo.shazapiano/10559} BLOCKED
01-18 14:27:27.572  1651  1734 I AppsFilter: interaction: PackageSetting{2948627 com.fido.asm/10181} -> PackageSetting{98275a1 com.ludo.shazapiano/10559} BLOCKED
01-18 14:27:27.572  1651  1734 I AppsFilter: interaction: PackageSetting{34730d4 com.example.growdlev2/10352} -> PackageSetting{98275a1 com.ludo.shazapiano/10559} BLOCKED
01-18 14:27:27.668  2322  2322 D Launcher.Model: LauncherAppsCallback onPackageChanged|com.ludo.shazapiano|UserHandle{0}|false
01-18 14:27:27.674  2322  2322 D Launcher.Model: onPackageChanged: packageName = com.ludo.shazapiano
01-18 14:27:27.683  2322  2322 D Launcher.Model: checkWidgetBlurState: post WidgetBlurStateMessage com.ludo.shazapiano
01-18 14:27:27.683  2322  2322 D Launcher.Widget: onMessageEvent: message = WidgetBlurStateMessage{packageName='com.ludo.shazapiano'}
01-18 14:27:27.683  2322  2322 D Launcher.Widget: onMessageEvent: message = WidgetBlurStateMessage{packageName='com.ludo.shazapiano'}
01-18 14:27:27.696  1651  1984 D ShortcutService: changing package: com.ludo.shazapiano userId0
01-18 14:27:27.696  1651  1984 D ShortcutService: handlePackageChanged: com.ludo.shazapiano user=0
01-18 14:27:27.696  1651  1984 D ShortcutService: rescanPackageIfNeeded 0@com.ludo.shazapiano, forceRescan=true , isNewApp=true
01-18 14:27:27.697  1651  1984 D ShortcutService: Package com.ludo.shazapiano has 0 manifest shortcut(s), and 0 share target(s)
01-18 14:27:27.701  2316  2316 D MiuiClockController: receive package changed com.ludo.shazapiano
01-18 14:27:27.701  2286  2286 D CarrierSvcBindHelper: onPackageModified: com.ludo.shazapiano
01-18 14:27:27.708  2286  2688 D ImsResolver: maybeAddedImsService, packageName: com.ludo.shazapiano
01-18 14:27:27.718  2322  2414 D Launcher.AllAppsList: updatePackage, packageName=com.ludo.shazapiano, loadMissing=false, user=UserHandle{0}, matchedSize=1
01-18 14:27:27.718  2322  2414 D Launcher.AllAppsList: updatePackage, find appInfo=AppInfo, id=-1, itemType=0, user=UserHandle{0}, mIconType=0, pkgName=com.ludo.shazapiano, className=com.ludo.shazapiano.MainActivity, screenId=-1, container=-1, cellX=-1, cellY=-1, spanX=1, spanY=1 from ComponentInfo{com.ludo.shazapiano/com.ludo.shazapiano.MainActivity}
01-18 14:27:27.737  2322  2414 D Launcher.Model: onReceiveBackground, mAllAppsList=add=[], remove=[], modified=[(0, AppInfo, id=-1, itemType=0, user=UserHandle{0}, mIconType=0, pkgName=com.ludo.shazapiano, className=com.ludo.shazapiano.MainActivity, screenId=-1, container=-1, cellX=-1, cellY=-1, spanX=1, spanY=1)]
01-18 14:27:27.760  2322  2525 W PreviewDisappear: getIcon info target: ComponentInfo{com.ludo.shazapiano/com.ludo.shazapiano.MainActivity}
01-18 14:27:27.760  2322  2525 W PreviewDisappear: getIcon info intent: Intent { act=android.intent.action.MAIN cat=[android.intent.category.LAUNCHER] flg=0x10200000 cmp=com.ludo.shazapiano/.MainActivity (has extras) }
01-18 14:27:27.964 29679 30118 I ResourceExtractor: Extracted baseline resource assets/flutter_assets/kernel_blob.bin
01-18 14:27:27.966 29679 30118 I ResourceExtractor: Extracted baseline resource assets/flutter_assets/vm_snapshot_data
01-18 14:27:27.981 29679 30121 D SessionConfigFetcher: Fetched settings: {"settings_version":3,"cache_duration":181000,"features":{"collect_logged_exceptions":true,"collect_reports":true,"collect_analytics":false,"prompt_enabled":false,"push_enabled":false,"firebase_crashlytics_enabled":false,"collect_anrs":true,"collect_metric_kit":false,"collect_build_ids":true},"app":{"status":"activated","update_required":false,"report_upload_variant":2,"native_report_upload_variant":2},"fabric":{"org_id":"6927cbd6561cb0e0d8457559","bundle_id":"com.ludo.shazapiano"},"on_demand_upload_rate_per_minute":10,"on_demand_backoff_base":1.2,"on_demand_backoff_step_duration_seconds":60,"app_quality":{"sessions_enabled":true,"sampling_rate":1,"session_timeout_seconds":1800},"on_demand_thread_recording_suspension_enabled":true}
01-18 14:27:28.090  3021 29694 D ContactDirectoryManager: onPackageChanged,updateDirectoriesForPackage, packageName:com.ludo.shazapiano
01-18 14:27:28.104 29679 30118 I ResourceExtractor: Extracted baseline resource assets/flutter_assets/isolate_snapshot_data
01-18 14:27:28.186  1651  2224 D ActivityManager: Logging bindService for com.ludo.shazapiano, stopped=false, firstLaunch=false
01-18 14:27:28.195 29679 30123 D vulkan  : searching for layers in '/data/app/~~JRxVWWi3vvp1c7cpEpYu7Q==/com.ludo.shazapiano-3oz1X_Id41aPIz0-AofKWA==/lib/arm64'
01-18 14:27:28.196 29679 30123 D vulkan  : searching for layers in '/data/app/~~JRxVWWi3vvp1c7cpEpYu7Q==/com.ludo.shazapiano-3oz1X_Id41aPIz0-AofKWA==/base.apk!/lib/arm64-v8a'
01-18 14:27:28.204 29679 30123 D MMUD    : mtk_memory_debug_init com.ludo.shazapiano 0xb400007c526065d0
01-18 14:27:28.209 29679 30149 E ludo.shazapiano: setpriority success to 100 : mali-cmar-backend
01-18 14:27:28.217 29679 30123 I flutter : [IMPORTANT:flutter/shell/platform/android/android_context_vk_impeller.cc(62)] Using the Impeller rendering backend (Vulkan).
01-18 14:27:28.444 29679 30153 I flutter : The Dart VM service is listening on http://127.0.0.1:45155/lRPCw8-eTPs=/
01-18 14:27:28.746  5937 25720 E PackageUtil: getPackageInfoAsUser failed com.ludo.shazapiano , 999
01-18 14:27:28.767  5937  6024 I AppOpsAdapter: info == null: com.ludo.shazapiano
01-18 14:27:28.769  5937  6024 D AppOpsCompat: Checking auto-start restriction for package: com.ludo.shazapiano
01-18 14:27:29.048   929  1111 D SurfaceFlinger: [SF client] NEW(0xb400007d4cfc02d0) for (29679:com.ludo.shazapiano)
01-18 14:27:29.112 29679 29679 I ludo.shazapiano: hiddenapi: Accessing hidden method Landroid/view/accessibility/AccessibilityNodeInfo;->getSourceNodeId()J (runtime_flags=0, domain=platform, api=unsupported,test-api) from Lio/flutter/view/AccessibilityViewEmbedder$ReflectionAccessors; (domain=app, TargetSdkVersion=34) using reflection: allowed
01-18 14:27:29.112 29679 29679 I ludo.shazapiano: hiddenapi: Accessing hidden method Landroid/view/accessibility/AccessibilityRecord;->getSourceNodeId()J (runtime_flags=0, domain=platform, api=unsupported) from Lio/flutter/view/AccessibilityViewEmbedder$ReflectionAccessors; (domain=app, TargetSdkVersion=34) using reflection: allowed
01-18 14:27:29.112 29679 29679 I ludo.shazapiano: hiddenapi: Accessing hidden field Landroid/view/accessibility/AccessibilityNodeInfo;->mChildNodeIds:Landroid/util/LongArray; (runtime_flags=0, domain=platform, api=unsupported) from Lio/flutter/view/AccessibilityViewEmbedder$ReflectionAccessors; (domain=app, TargetSdkVersion=34) using reflection: allowed
01-18 14:27:29.112 29679 29679 I ludo.shazapiano: hiddenapi: Accessing hidden method Landroid/util/LongArray;->get(I)J (runtime_flags=0, domain=platform, api=unsupported) from Lio/flutter/view/AccessibilityViewEmbedder$ReflectionAccessors; (domain=app, TargetSdkVersion=34) using reflection: allowed
01-18 14:27:29.169 29679 29679 W Activity: PerfMonitor: Slow Operation: Activity com.ludo.shazapiano/.MainActivity onCreate took 2322ms
01-18 14:27:29.207   929  1111 D SurfaceFlinger: [SF client] NEW(0xb400007d4cfc19e0) for (29679:com.ludo.shazapiano)
01-18 14:27:29.250 29679 29679 I ForceDarkHelperStubImpl: setViewRootImplForceDark: false for com.ludo.shazapiano.MainActivity@83b4154, reason: AppDarkModeEnable
01-18 14:27:29.250 29679 29679 I ViewRootImpl: com.ludo.shazapiano/com.ludo.shazapiano.MainActivity use first frame acceleration
01-18 14:27:29.256   929  1111 I BufferQueueDebug: [a716524 com.ludo.shazapiano/com.ludo.shazapiano.MainActivity#31208](this:0xb400007c7d18c8c8,id:-1,api:0,p:-1,c:-1) BufferQueue core=(929:/system/bin/surfaceflinger)
01-18 14:27:29.273  2322  2322 D RecentsImpl: mActivityStateObserver com.ludo.shazapiano.MainActivity
01-18 14:27:29.273  2322  2322 W RecentsImpl: onResumed className=com.ludo.shazapiano.MainActivity   forceUpdate=false   mIsInAnotherPro=false   isKeyguardLocked=false   mIsStatusBarExpansion=false
01-18 14:27:29.274  1651  1679 I ActivityTaskManager: visible for Task{fde5037 #1418 type=standard A=10559:com.ludo.shazapiano} visible = true isAnimating = false TRANSITION = false PARENTS = false CHILDREN = false
01-18 14:27:29.615  1651  3870 D CoreBackPreview: Window{a716524 u0 com.ludo.shazapiano/com.ludo.shazapiano.MainActivity}: Setting back callback OnBackInvokedCallbackInfo{mCallback=android.window.IOnBackInvokedCallback$Stub$Proxy@e3edcd9, mPriority=0, mIsAnimationCallback=false}
01-18 14:27:29.620   929  1111 I BufferQueueDebug: [com.ludo.shazapiano/com.ludo.shazapiano.MainActivity#31209](this:0xb400007c7d22fc38,id:-1,api:0,p:-1,c:-1) BufferQueue core=(929:/system/bin/surfaceflinger)
01-18 14:27:29.625  1651  4233 W WindowManager: Changing focus from null to Window{a716524 u0 com.ludo.shazapiano/com.ludo.shazapiano.MainActivity} displayId=0 Callers=com.android.server.wm.RootWindowContainer.updateFocusedWindowLocked:593 com.android.server.wm.WindowManagerService.updateFocusedWindowLocked:7272 com.android.server.wm.WindowManagerService.relayoutWindowInner:3092 com.android.server.wm.WindowManagerService.relayoutWindow:2740
01-18 14:27:29.631  1651  4233 D WindowManager: wms.Input focus has changed to Window{a716524 u0 com.ludo.shazapiano/com.ludo.shazapiano.MainActivity} display=0 updateInputWindows = true
01-18 14:27:29.632  1651  4233 I WindowManager: Relayout Window{a716524 u0 com.ludo.shazapiano/com.ludo.shazapiano.MainActivity}: oldVis=4 newVis=0 focusMayChange = true requestedWidth = 720 requestedHeight = 1640 outFrames = ClientWindowFrames{frame=[0,0][720,1640] display=[0,0][720,1640] parentFrame=[0,0][0,0]} outSurfaceControl = Surface(name=com.ludo.shazapiano/com.ludo.shazapiano.MainActivity#31209)/@0x83b3eaa
01-18 14:27:29.640  1651  1679 I ActivityTaskManager: visible for Task{fde5037 #1418 type=standard A=10559:com.ludo.shazapiano} visible = true isAnimating = false TRANSITION = false PARENTS = false CHILDREN = false
01-18 14:27:29.641  1651  1679 D SurfaceComposerClient: Transaction::apply InputWindowCommands.focusRequests timestamp=469415217886361, windowName=a716524 com.ludo.shazapiano/com.ludo.shazapiano.MainActivity
01-18 14:27:29.658   929   929 D SurfaceFlinger: Focus addInputWindowCommands timestamp=469415217886361, windowName=a716524 com.ludo.shazapiano/com.ludo.shazapiano.MainActivity
01-18 14:27:29.662   929  1477 D SurfaceFlinger: updateWinowInfo=1, setFocusedWindow timestamp=469415217886361, windowName=a716524 com.ludo.shazapiano/com.ludo.shazapiano.MainActivity
01-18 14:27:29.664   929  1111 I BufferQueueDebug: [Bounds for - com.ludo.shazapiano/com.ludo.shazapiano.MainActivity#31212](this:0xb400007c7d12b508,id:-1,api:0,p:-1,c:-1) BufferQueue core=(929:/system/bin/surfaceflinger)
01-18 14:27:29.665 29679 29762 I ludo.shazapiano: Compiler allocated 6656KB to compile void android.view.ViewRootImpl.performTraversals()
01-18 14:27:29.665   929  1111 I BufferQueueDebug: [SurfaceView[com.ludo.shazapiano/com.ludo.shazapiano.MainActivity]#31213](this:0xb400007c7d22c4a8,id:-1,api:0,p:-1,c:-1) BufferQueue core=(929:/system/bin/surfaceflinger)
01-18 14:27:29.668   929  1111 I BufferQueueDebug: [SurfaceView[com.ludo.shazapiano/com.ludo.shazapiano.MainActivity](BLAST)#31214](this:0xb400007c7d1af468,id:-1,api:0,p:-1,c:-1) BufferQueue core=(929:/system/bin/surfaceflinger)
01-18 14:27:29.669   929  1111 I BufferQueueDebug: [Background for SurfaceView[com.ludo.shazapiano/com.ludo.shazapiano.MainActivity]#31215](this:0xb400007c7d217748,id:-1,api:0,p:-1,c:-1) BufferQueue core=(929:/system/bin/surfaceflinger)
01-18 14:27:29.670 29679 29679 D BLASTBufferQueue: [SurfaceView[com.ludo.shazapiano/com.ludo.shazapiano.MainActivity]#1](f:0,a:0) constructor()
01-18 14:27:29.671 29679 29679 D BLASTBufferQueue: [SurfaceView[com.ludo.shazapiano/com.ludo.shazapiano.MainActivity]#1](f:0,a:0) update width=720 height=1546 format=4 mTransformHint=0
01-18 14:27:29.673 29679 30123 E ludo.shazapiano: checkIfsupportxIntfps do not binder to joyose
01-18 14:27:29.718 20449 20449 I PackageInstallReceiver: action = android.intent.action.PACKAGE_CHANGED packageName = com.ludo.shazapiano
01-18 14:27:29.734 29679 30123 D ludo.shazapiano: Can't load libmbrainSDK
01-18 14:27:30.124 29679 29679 D SurfaceView: UPDATE Surface(name=SurfaceView[com.ludo.shazapiano/com.ludo.shazapiano.MainActivity]#31213)/@0x280cfe2, mIsProjectionMode = false
01-18 14:27:30.346 29679 30055 D EventGDTLogger: Session Event: {"eventType":1,"sessionData":{"sessionId":"3d31556f2fff4bbea0f82104c080821a","firstSessionId":"3d31556f2fff4bbea0f82104c080821a","sessionIndex":0,"eventTimestampUs":1768742850281000,"dataCollectionStatus":{"performance":1,"crashlytics":2,"sessionSamplingRate":1.0},"firebaseInstallationId":"f_8GwCreRvuvLCb8VPeSoL","firebaseAuthenticationToken":"eyJhbGciOiJFUzI1NiIsInR5cCI6IkpXVCJ9.eyJhcHBJZCI6IjE6ODA2OTE4ODYyMDk0OmFuZHJvaWQ6M2I3YzYxZjdkMDFjMzcyN2NlOTM1ZiIsImV4cCI6MTc2OTM0NzY0NywiZmlkIjoiZl84R3dDcmVSdnV2TENiOFZQZVNvTCIsInByb2plY3ROdW1iZXIiOjgwNjkxODg2MjA5NH0.AB2LPV8wRQIhAKsg_Pe3VH_R7n_nZQHjJMIVN3ljgYEXqPIaOC8mWBA5AiB2gJ8ajLPHyuCSGRIYFl06PduQDZxCew6Y4e86effWfA"},"applicationInfo":{"appId":"1:806918862094:android:3b7c61f7d01c3727ce935f","deviceModel":"2409BRN2CY","sessionSdkVersion":"1.2.3","osVersion":"15","logEnvironment":3,"androidAppInfo":{"packageName":"com.ludo.shazapiano","versionName":"1.0.0-debug","appBuildVersion":"1","deviceManufacturer":"Xiaomi","currentProcessDetails":{"processName":"com.ludo.shazapiano","pid":29679,"importance":100,"defaultProcess":true},"appProcessDetails":[{"processName":"com.ludo.shazapiano","pid":29679,"importance":100,"defaultProcess":true}]}}}
01-18 14:27:30.656  1651  2224 D ConnectivityService: requestNetwork for uid/pid:10559/29679 activeRequest: null callbackRequest: 28068 [NetworkRequest [ REQUEST id=28069, [ Capabilities: INTERNET&NOT_RESTRICTED&TRUSTED&NOT_VCN_MANAGED&NOT_BANDWIDTH_CONSTRAINED Uid: 10559 RequestorUid: 10559 RequestorPkg: com.ludo.shazapiano UnderlyingNetworks: Null] ]] callback flags: 0 order: 2147483647 isUidTracked: false declaredMethods: AVAIL|LOST
01-18 14:27:30.674  1651  1881 D WifiNetworkFactory: got request NetworkRequest [ REQUEST id=28069, [ Capabilities: INTERNET&NOT_RESTRICTED&TRUSTED&NOT_VCN_MANAGED&NOT_BANDWIDTH_CONSTRAINED Uid: 10559 RequestorUid: 10559 RequestorPkg: com.ludo.shazapiano UnderlyingNetworks: Null] ]
01-18 14:27:30.679  1651  1881 D UntrustedWifiNetworkFactory: got request NetworkRequest [ REQUEST id=28069, [ Capabilities: INTERNET&NOT_RESTRICTED&TRUSTED&NOT_VCN_MANAGED&NOT_BANDWIDTH_CONSTRAINED Uid: 10559 RequestorUid: 10559 RequestorPkg: com.ludo.shazapiano UnderlyingNetworks: Null] ]
01-18 14:27:30.683  1651  1881 D OemPaidWifiNetworkFactory: got request NetworkRequest [ REQUEST id=28069, [ Capabilities: INTERNET&NOT_RESTRICTED&TRUSTED&NOT_VCN_MANAGED&NOT_BANDWIDTH_CONSTRAINED Uid: 10559 RequestorUid: 10559 RequestorPkg: com.ludo.shazapiano UnderlyingNetworks: Null] ]
01-18 14:27:30.683  1651  1881 D MultiInternetWifiNetworkFactory: got request NetworkRequest [ REQUEST id=28069, [ Capabilities: INTERNET&NOT_RESTRICTED&TRUSTED&NOT_VCN_MANAGED&NOT_BANDWIDTH_CONSTRAINED Uid: 10559 RequestorUid: 10559 RequestorPkg: com.ludo.shazapiano UnderlyingNetworks: Null] ]
01-18 14:27:30.873 29679 29679 W ludo.shazapiano: Failed to find entry 'classes.dex': Entry not found
01-18 14:27:30.894 29679 29679 W ludo.shazapiano: Loading /data/app/~~63KeaCEvyikK9lue5XoJIw==/com.google.android.webview-E44HWMb9Oq2L0HgdAXI1jg==/oat/arm64/base.odex non-executable as it requires an image which we failed to load
01-18 14:27:31.082  1651  3870 D ActivityManager: Logging bindService for com.ludo.shazapiano, stopped=false, firstLaunch=false
01-18 14:27:31.085  1651  3914 D ActivityManager: Logging bindService for com.ludo.shazapiano, stopped=false, firstLaunch=false
01-18 14:27:31.118  1651  1698 I ActivityManager: Start proc 30191:com.google.android.webview:sandboxed_process0:org.chromium.content.app.SandboxedProcessService0:0/u0i96 for  {com.ludo.shazapiano/org.chromium.content.app.SandboxedProcessService0:0} caller=com.ludo.shazapiano
01-18 14:27:31.188 30191 30191 D ActivityThread: setEmbeddedParam packageName=com.ludo.shazapiano processName=com.google.android.webview:sandboxed_process0:org.chromium.content.app.SandboxedProcessService0:0 isEmbedded=false isIsolated=true
01-18 14:27:31.200 30191 30191 I ForceDarkHelperStubImpl: initialize for com.ludo.shazapiano , ForceDarkOrigin
01-18 14:27:31.347  1651  3914 D ConnectivityService: requestNetwork for uid/pid:10559/29679 activeRequest: null callbackRequest: 28070 [NetworkRequest [ REQUEST id=28071, [ Capabilities: INTERNET&NOT_RESTRICTED&TRUSTED&NOT_VCN_MANAGED&NOT_BANDWIDTH_CONSTRAINED Uid: 10559 RequestorUid: 10559 RequestorPkg: com.ludo.shazapiano UnderlyingNetworks: Null] ]] callback flags: 0 order: 2147483647 isUidTracked: false declaredMethods: AVAIL|LOST|NC|LP
01-18 14:27:31.354  1651  1881 D WifiNetworkFactory: got request NetworkRequest [ REQUEST id=28071, [ Capabilities: INTERNET&NOT_RESTRICTED&TRUSTED&NOT_VCN_MANAGED&NOT_BANDWIDTH_CONSTRAINED Uid: 10559 RequestorUid: 10559 RequestorPkg: com.ludo.shazapiano UnderlyingNetworks: Null] ]
01-18 14:27:31.354  1651  1881 D UntrustedWifiNetworkFactory: got request NetworkRequest [ REQUEST id=28071, [ Capabilities: INTERNET&NOT_RESTRICTED&TRUSTED&NOT_VCN_MANAGED&NOT_BANDWIDTH_CONSTRAINED Uid: 10559 RequestorUid: 10559 RequestorPkg: com.ludo.shazapiano UnderlyingNetworks: Null] ]
01-18 14:27:31.355  1651  1881 D OemPaidWifiNetworkFactory: got request NetworkRequest [ REQUEST id=28071, [ Capabilities: INTERNET&NOT_RESTRICTED&TRUSTED&NOT_VCN_MANAGED&NOT_BANDWIDTH_CONSTRAINED Uid: 10559 RequestorUid: 10559 RequestorPkg: com.ludo.shazapiano UnderlyingNetworks: Null] ]
01-18 14:27:31.356  1651  1881 D MultiInternetWifiNetworkFactory: got request NetworkRequest [ REQUEST id=28071, [ Capabilities: INTERNET&NOT_RESTRICTED&TRUSTED&NOT_VCN_MANAGED&NOT_BANDWIDTH_CONSTRAINED Uid: 10559 RequestorUid: 10559 RequestorPkg: com.ludo.shazapiano UnderlyingNetworks: Null] ]
01-18 14:27:31.481  1651  1697 D BroadcastQueue: Logging broadcast for com.ludo.shazapiano, stopped=false, firstLaunch=false
01-18 14:27:31.614  1651  1667 D ActivityManager: Logging bindService for com.ludo.shazapiano, stopped=false, firstLaunch=false
01-18 14:27:31.627 29679 30240 D libMEOW : applied 1 plugins for [com.ludo.shazapiano]:
01-18 14:27:31.628 29679 29679 I ludo.shazapiano: hiddenapi: Accessing hidden field Landroid/content/pm/ApplicationInfo;->primaryCpuAbi:Ljava/lang/String; (runtime_flags=0, domain=platform, api=unsupported) from Lorg/chromium/android_webview/SystemStateUtil; (domain=app, TargetSdkVersion=34) using reflection: allowed
01-18 14:27:31.656 29679 30240 D vulkan  : searching for layers in '/data/app/~~JRxVWWi3vvp1c7cpEpYu7Q==/com.ludo.shazapiano-3oz1X_Id41aPIz0-AofKWA==/lib/arm64'
01-18 14:27:31.657 29679 30240 D vulkan  : searching for layers in '/data/app/~~JRxVWWi3vvp1c7cpEpYu7Q==/com.ludo.shazapiano-3oz1X_Id41aPIz0-AofKWA==/base.apk!/lib/arm64-v8a'
01-18 14:27:31.666 29679 30240 D MMUD    : mtk_memory_debug_init com.ludo.shazapiano 0xb40000798d3a75d0
01-18 14:27:31.671 29679 30265 E ludo.shazapiano: setpriority success to 100 : mali-cmar-backend
01-18 14:27:31.737 29679 30240 D vulkan  : searching for layers in '/data/app/~~JRxVWWi3vvp1c7cpEpYu7Q==/com.ludo.shazapiano-3oz1X_Id41aPIz0-AofKWA==/lib/arm64'
01-18 14:27:31.737 29679 30240 D vulkan  : searching for layers in '/data/app/~~JRxVWWi3vvp1c7cpEpYu7Q==/com.ludo.shazapiano-3oz1X_Id41aPIz0-AofKWA==/base.apk!/lib/arm64-v8a'
01-18 14:27:31.743 29679 30240 D MMUD    : mtk_memory_debug_init com.ludo.shazapiano 0xb40000798cf795d0
01-18 14:27:31.747 29679 30280 E ludo.shazapiano: setpriority success to 100 : mali-cmar-backend
01-18 14:27:32.302 29679 30281 D ProfileInstaller: Installing profile for com.ludo.shazapiano
01-18 14:27:33.050 29679 29679 I flutter : Firebase Core initialized
01-18 14:27:33.060 29679 29679 I flutter : Firebase Analytics enabled
01-18 14:27:33.063 29679 29679 I flutter : Crashlytics initialized
01-18 14:27:34.068 29679 29679 I flutter : Signed in anonymously: exsqisO0IjWjWUnaIeOzbKNs3J23
01-18 14:27:34.068 29679 29679 I flutter : Anonymous auth initialized
01-18 14:27:34.069 29679 29679 I flutter : Firebase initialized successfully
