01-13 09:22:49.720  2322  3709 D RecentsTaskLoader: reloadTasksData [TaskKey{id=1333, stackId=0, baseIntent=Intent { act=android.intent.action.MAIN cat=[android.intent.category.LAUNCHER] flg=0x30000000 cmp=com.ludo.shazapiano/.MainActivity }, userId=0, lastActiveTime=171649896, windowingMode=1, isThumbnailBlur=false, isAccessLocked=false, isScreening=false, topActivity=ComponentInfo{com.ludo.shazapiano/com.ludo.shazapiano.MainActivity}, mHashCode=40634955}, title=ShazaPiano, titleDescription=ShazaPiano, bounds=null, isLaunchTarget=false, isStackTask=true, isSystemApp=false, isDockable=true, baseActivity=ComponentInfo{com.ludo.shazapiano/com.ludo.shazapiano.MainActivity}, isLocked=false, mNeedHide=false, hasMultipleTasks=false, cti1Key=, cti2Key=]
01-13 09:22:49.756  9221  9470 D FlutterJNI: Beginning load of flutter...
01-13 09:22:49.775  1651  1679 I ActivityTaskManager: visible for Task{dc7108b #1333 type=standard A=10544:com.ludo.shazapiano} visible = true isAnimating = false TRANSITION = false PARENTS = false CHILDREN = false
01-13 09:22:49.782  2316  2401 D MiuiFreeformModeController: onFocusTaskChanged taskInfo: TaskInfo{userId=0 taskId=1333 displayId=0 isRunning=true baseIntent=Intent { act=android.intent.action.MAIN cat=[android.intent.category.LAUNCHER] flg=0x30000000 cmp=com.ludo.shazapiano/.MainActivity } baseActivity=ComponentInfo{com.ludo.shazapiano/com.ludo.shazapiano.MainActivity} topActivity=ComponentInfo{com.ludo.shazapiano/com.ludo.shazapiano.MainActivity} origActivity=null realActivity=ComponentInfo{com.ludo.shazapiano/com.ludo.shazapiano.MainActivity} numActivities=1 lastActiveTime=171649896 supportsSplitScreenMultiWindow=true supportsMultiWindow=true resizeMode=1 isResizeable=true minWidth=-1 minHeight=-1 defaultMinSize=200 token=WCT{android.window.IWindowContainerToken$Stub$Proxy@18edf00} topActivityType=1 pictureInPictureParams=null shouldDockBigOverlays=false launchIntoPipHostTaskId=-1 lastParentTaskIdBeforePip=-1 displayCutoutSafeInsets=Rect(0, 68 - 0, 0) topActivityInfo=ActivityInfo{bc72339 com.ludo.shazapiano.MainActivity} launchCookies=[] positionInParent=Point(0, 0) parentTaskId=-1 isFocused=true isVisible=true isVisibleRequested=true isSleeping=false locusId=null displayAreaFeatureId=1 isTopActivityTransparent=false appCompatTaskInfo=AppCompatTaskInfo { topActivityInSizeCompat=false topActivityEligibleForLetterboxEducation= falseisLetterboxEducationEnabled= false isLetterboxDoubleTapEnabled= false topActivityEligibleForUserAspectRatioButton= false topActivityBoundsLetterboxed= false isFromLetterboxDoubleTap= false topActivityLetterboxVerticalPosition= -1 topActivityLetterboxHorizontalPosition= -1 topActivityLetterboxWidth=720 topActivityLetterboxHeight=1640 isUserFullscreenOverrideEnabled=false isSystemFullscreenOverrideEnabled=false cameraCompatTaskInfo=CameraCompatTaskInfo { cameraCompatControlState=hidden freeformCameraCompatMode=inactive}} isImmersive=false mTopActivityRequestOrientation=-1 mBehindAppLockPkg=null mOriginatingUid=0 isEmbedded=false shouldBeVisible=true isCreatedByOrganizer=false mIsCastMode=false mTopActivityMediaSize=null mTopActivityRecordName=ActivityRecord{5338605 u0 com.ludo.shazapiano/.MainActivity t1333} mTopActivityOrientation=-1}
01-13 09:22:49.788  1651  1679 I ActivityTaskManager: visible for Task{dc7108b #1333 type=standard A=10544:com.ludo.shazapiano} visible = true isAnimating = false TRANSITION = false PARENTS = false CHILDREN = false
01-13 09:22:49.810  9221  9470 D nativeloader: Load /data/app/~~gR0BjBIiWkOsE1QRNF8H0w==/com.ludo.shazapiano-X60E3I1a48L0QxgcGtebig==/base.apk!/lib/arm64-v8a/libflutter.so using class loader ns clns-7 (caller=/data/app/~~gR0BjBIiWkOsE1QRNF8H0w==/com.ludo.shazapiano-X60E3I1a48L0QxgcGtebig==/base.apk!classes21.dex): ok
01-13 09:22:49.811  9221  9470 D FlutterJNI: flutter (null) was loaded normally!
01-13 09:22:49.906  1651  1734 I AppsFilter: interaction: PackageSetting{3516695 com.android.microdroid.empty_payload/10268} -> PackageSetting{9d1eb58 com.ludo.shazapiano/10544} BLOCKED
01-13 09:22:49.906  1651  1734 I AppsFilter: interaction: PackageSetting{c3ecb9b com.fido.asm/10181} -> PackageSetting{9d1eb58 com.ludo.shazapiano/10544} BLOCKED
01-13 09:22:49.906  1651  1734 I AppsFilter: interaction: PackageSetting{da81b38 com.example.growdlev2/10352} -> PackageSetting{9d1eb58 com.ludo.shazapiano/10544} BLOCKED
01-13 09:22:49.978  5937 25720 E PackageUtil: getPackageInfoAsUser failed com.ludo.shazapiano , 999
01-13 09:22:49.993  1651  1984 D ShortcutService: changing package: com.ludo.shazapiano userId0
01-13 09:22:49.995  1651  1984 D ShortcutService: handlePackageChanged: com.ludo.shazapiano user=0
01-13 09:22:49.995  1651  1984 D ShortcutService: rescanPackageIfNeeded 0@com.ludo.shazapiano, forceRescan=true , isNewApp=true
01-13 09:22:49.996  2316  2316 D MiuiClockController: receive package changed com.ludo.shazapiano
01-13 09:22:49.996  1651  1984 D ShortcutService: Package com.ludo.shazapiano has 0 manifest shortcut(s), and 0 share target(s)
01-13 09:22:50.000  2322  2322 D Launcher.Model: LauncherAppsCallback onPackageChanged|com.ludo.shazapiano|UserHandle{0}|false
01-13 09:22:50.003  2322  2322 D Launcher.Model: onPackageChanged: packageName = com.ludo.shazapiano
01-13 09:22:50.021  2322  2322 D Launcher.Model: checkWidgetBlurState: post WidgetBlurStateMessage com.ludo.shazapiano
01-13 09:22:50.021  2322  2322 D Launcher.Widget: onMessageEvent: message = WidgetBlurStateMessage{packageName='com.ludo.shazapiano'}
01-13 09:22:50.021  2322  2322 D Launcher.Widget: onMessageEvent: message = WidgetBlurStateMessage{packageName='com.ludo.shazapiano'}
01-13 09:22:50.022  2322  2414 D Launcher.AllAppsList: updatePackage, packageName=com.ludo.shazapiano, loadMissing=false, user=UserHandle{0}, matchedSize=1
01-13 09:22:50.022  2322  2414 D Launcher.AllAppsList: updatePackage, find appInfo=AppInfo, id=-1, itemType=0, user=UserHandle{0}, mIconType=0, pkgName=com.ludo.shazapiano, className=com.ludo.shazapiano.MainActivity, screenId=-1, container=-1, cellX=-1, cellY=-1, spanX=1, spanY=1 from ComponentInfo{com.ludo.shazapiano/com.ludo.shazapiano.MainActivity}
01-13 09:22:50.026   866   866 I MTK_APPList: [notifyAPPstate] multi_resumed_app_info[4] com.ludo.shazapiano/com.ludo.shazapiano.MainActivity, pid:9221, activityId:87262725, fps:-1, isMultiWindow:1
01-13 09:22:50.033  2286  2286 D CarrierSvcBindHelper: onPackageModified: com.ludo.shazapiano
01-13 09:22:50.034  2286  2688 D ImsResolver: maybeAddedImsService, packageName: com.ludo.shazapiano
01-13 09:22:50.039  2322  2414 D Launcher.Model: onReceiveBackground, mAllAppsList=add=[], remove=[], modified=[(0, AppInfo, id=-1, itemType=0, user=UserHandle{0}, mIconType=0, pkgName=com.ludo.shazapiano, className=com.ludo.shazapiano.MainActivity, screenId=-1, container=-1, cellX=-1, cellY=-1, spanX=1, spanY=1)]
01-13 09:22:50.058  2322  2525 W PreviewDisappear: getIcon info target: ComponentInfo{com.ludo.shazapiano/com.ludo.shazapiano.MainActivity}
01-13 09:22:50.058  2322  2525 W PreviewDisappear: getIcon info intent: Intent { act=android.intent.action.MAIN cat=[android.intent.category.LAUNCHER] flg=0x10200000 cmp=com.ludo.shazapiano/.MainActivity (has extras) }
01-13 09:22:50.098  5937  6024 I AppOpsAdapter: info == null: com.ludo.shazapiano
01-13 09:22:50.099  5937  6024 D AppOpsCompat: Checking auto-start restriction for package: com.ludo.shazapiano
01-13 09:22:50.424  3021  9262 D ContactDirectoryManager: onPackageChanged,updateDirectoriesForPackage, packageName:com.ludo.shazapiano
01-13 09:22:50.432  9221  9479 D SessionConfigFetcher: Fetched settings: {"settings_version":3,"cache_duration":156225,"features":{"collect_logged_exceptions":true,"collect_reports":true,"collect_analytics":false,"prompt_enabled":false,"push_enabled":false,"firebase_crashlytics_enabled":false,"collect_anrs":true,"collect_metric_kit":false,"collect_build_ids":true},"app":{"status":"activated","update_required":false,"report_upload_variant":2,"native_report_upload_variant":2},"fabric":{"org_id":"6927cbd6561cb0e0d8457559","bundle_id":"com.ludo.shazapiano"},"on_demand_upload_rate_per_minute":10,"on_demand_backoff_base":1.2,"on_demand_backoff_step_duration_seconds":60,"app_quality":{"sessions_enabled":true,"sampling_rate":1,"session_timeout_seconds":1800},"on_demand_thread_recording_suspension_enabled":true}
01-13 09:22:50.593  1651  1770 D ActivityManager: Logging bindService for com.ludo.shazapiano, stopped=false, firstLaunch=false
01-13 09:22:50.673  9221  9471 I ResourceExtractor: Extracted baseline resource assets/flutter_assets/kernel_blob.bin
01-13 09:22:50.675  9221  9471 I ResourceExtractor: Extracted baseline resource assets/flutter_assets/vm_snapshot_data
01-13 09:22:50.782  9221  9471 I ResourceExtractor: Extracted baseline resource assets/flutter_assets/isolate_snapshot_data
01-13 09:22:50.834  9221  9485 D vulkan  : searching for layers in '/data/app/~~gR0BjBIiWkOsE1QRNF8H0w==/com.ludo.shazapiano-X60E3I1a48L0QxgcGtebig==/lib/arm64'
01-13 09:22:50.835  9221  9485 D vulkan  : searching for layers in '/data/app/~~gR0BjBIiWkOsE1QRNF8H0w==/com.ludo.shazapiano-X60E3I1a48L0QxgcGtebig==/base.apk!/lib/arm64-v8a'
01-13 09:22:50.857  9221  9485 D MMUD    : mtk_memory_debug_init com.ludo.shazapiano 0xb400007c509005d0
01-13 09:22:50.866  9221  9514 E ludo.shazapiano: setpriority success to 100 : mali-cmar-backend
01-13 09:22:50.872  9221  9485 I flutter : [IMPORTANT:flutter/shell/platform/android/android_context_vk_impeller.cc(62)] Using the Impeller rendering backend (Vulkan).
01-13 09:22:51.092  9221  9520 I flutter : The Dart VM service is listening on http://127.0.0.1:36731/qf0jz1yuxu8=/
01-13 09:22:51.586   929  1110 D SurfaceFlinger: [SF client] NEW(0xb400007d4cfb8dd0) for (9221:com.ludo.shazapiano)
01-13 09:22:51.647  9221  9221 I ludo.shazapiano: hiddenapi: Accessing hidden method Landroid/view/accessibility/AccessibilityNodeInfo;->getSourceNodeId()J (runtime_flags=0, domain=platform, api=unsupported,test-api) from Lio/flutter/view/AccessibilityViewEmbedder$ReflectionAccessors; (domain=app, TargetSdkVersion=34) using reflection: allowed
01-13 09:22:51.647  9221  9221 I ludo.shazapiano: hiddenapi: Accessing hidden method Landroid/view/accessibility/AccessibilityRecord;->getSourceNodeId()J (runtime_flags=0, domain=platform, api=unsupported) from Lio/flutter/view/AccessibilityViewEmbedder$ReflectionAccessors; (domain=app, TargetSdkVersion=34) using reflection: allowed
01-13 09:22:51.647  9221  9221 I ludo.shazapiano: hiddenapi: Accessing hidden field Landroid/view/accessibility/AccessibilityNodeInfo;->mChildNodeIds:Landroid/util/LongArray; (runtime_flags=0, domain=platform, api=unsupported) from Lio/flutter/view/AccessibilityViewEmbedder$ReflectionAccessors; (domain=app, TargetSdkVersion=34) using reflection: allowed
01-13 09:22:51.647  9221  9221 I ludo.shazapiano: hiddenapi: Accessing hidden method Landroid/util/LongArray;->get(I)J (runtime_flags=0, domain=platform, api=unsupported) from Lio/flutter/view/AccessibilityViewEmbedder$ReflectionAccessors; (domain=app, TargetSdkVersion=34) using reflection: allowed
01-13 09:22:51.687  9221  9221 W Activity: PerfMonitor: Slow Operation: Activity com.ludo.shazapiano/.MainActivity onCreate took 2012ms
01-13 09:22:51.714   929  1110 D SurfaceFlinger: [SF client] NEW(0xb400007d4cfc8430) for (9221:com.ludo.shazapiano)
01-13 09:22:51.746  9221  9221 I ForceDarkHelperStubImpl: setViewRootImplForceDark: false for com.ludo.shazapiano.MainActivity@6cae997, reason: AppDarkModeEnable
01-13 09:22:51.746  9221  9221 I ViewRootImpl: com.ludo.shazapiano/com.ludo.shazapiano.MainActivity use first frame acceleration
01-13 09:22:51.751   929  1110 I BufferQueueDebug: [c02a6b9 com.ludo.shazapiano/com.ludo.shazapiano.MainActivity#9315](this:0xb400007c7d217748,id:-1,api:0,p:-1,c:-1) BufferQueue core=(929:/system/bin/surfaceflinger)
01-13 09:22:51.764  2322  2322 D RecentsImpl: mActivityStateObserver com.ludo.shazapiano.MainActivity
01-13 09:22:51.765  2322  2322 W RecentsImpl: onResumed className=com.ludo.shazapiano.MainActivity   forceUpdate=false   mIsInAnotherPro=false   isKeyguardLocked=false   mIsStatusBarExpansion=false
01-13 09:22:51.766  1651  1679 I ActivityTaskManager: visible for Task{dc7108b #1333 type=standard A=10544:com.ludo.shazapiano} visible = true isAnimating = false TRANSITION = false PARENTS = false CHILDREN = false
01-13 09:22:52.047  1651  3870 D CoreBackPreview: Window{c02a6b9 u0 com.ludo.shazapiano/com.ludo.shazapiano.MainActivity}: Setting back callback OnBackInvokedCallbackInfo{mCallback=android.window.IOnBackInvokedCallback$Stub$Proxy@e159f98, mPriority=0, mIsAnimationCallback=false}
01-13 09:22:52.053   929  1110 I BufferQueueDebug: [com.ludo.shazapiano/com.ludo.shazapiano.MainActivity#9316](this:0xb400007c7d1937e8,id:-1,api:0,p:-1,c:-1) BufferQueue core=(929:/system/bin/surfaceflinger)
01-13 09:22:52.059  1651  2220 W WindowManager: Changing focus from null to Window{c02a6b9 u0 com.ludo.shazapiano/com.ludo.shazapiano.MainActivity} displayId=0 Callers=com.android.server.wm.RootWindowContainer.updateFocusedWindowLocked:593 com.android.server.wm.WindowManagerService.updateFocusedWindowLocked:7272 com.android.server.wm.WindowManagerService.relayoutWindowInner:3092 com.android.server.wm.WindowManagerService.relayoutWindow:2740
01-13 09:22:52.064  1651  2220 D WindowManager: wms.Input focus has changed to Window{c02a6b9 u0 com.ludo.shazapiano/com.ludo.shazapiano.MainActivity} display=0 updateInputWindows = true
01-13 09:22:52.065  1651  2220 I WindowManager: Relayout Window{c02a6b9 u0 com.ludo.shazapiano/com.ludo.shazapiano.MainActivity}: oldVis=4 newVis=0 focusMayChange = true requestedWidth = 720 requestedHeight = 1640 outFrames = ClientWindowFrames{frame=[0,0][720,1640] display=[0,0][720,1640] parentFrame=[0,0][0,0]} outSurfaceControl = Surface(name=com.ludo.shazapiano/com.ludo.shazapiano.MainActivity#9316)/@0xd911d44
01-13 09:22:52.082  1651  1679 I ActivityTaskManager: visible for Task{dc7108b #1333 type=standard A=10544:com.ludo.shazapiano} visible = true isAnimating = false TRANSITION = false PARENTS = false CHILDREN = false
01-13 09:22:52.083  1651  1679 D SurfaceComposerClient: Transaction::apply InputWindowCommands.focusRequests timestamp=150102506332636, windowName=c02a6b9 com.ludo.shazapiano/com.ludo.shazapiano.MainActivity
01-13 09:22:52.091   929  1110 I BufferQueueDebug: [Bounds for - com.ludo.shazapiano/com.ludo.shazapiano.MainActivity#9319](this:0xb400007c7d1c41c8,id:-1,api:0,p:-1,c:-1) BufferQueue core=(929:/system/bin/surfaceflinger)
01-13 09:22:52.093   929  1110 I BufferQueueDebug: [SurfaceView[com.ludo.shazapiano/com.ludo.shazapiano.MainActivity]#9320](this:0xb400007c7d1b9b18,id:-1,api:0,p:-1,c:-1) BufferQueue core=(929:/system/bin/surfaceflinger)
01-13 09:22:52.094   929  1110 I BufferQueueDebug: [SurfaceView[com.ludo.shazapiano/com.ludo.shazapiano.MainActivity](BLAST)#9321](this:0xb400007c7d1a4db8,id:-1,api:0,p:-1,c:-1) BufferQueue core=(929:/system/bin/surfaceflinger)
01-13 09:22:52.096   929  1110 I BufferQueueDebug: [Background for SurfaceView[com.ludo.shazapiano/com.ludo.shazapiano.MainActivity]#9322](this:0xb400007c7d1ce878,id:-1,api:0,p:-1,c:-1) BufferQueue core=(929:/system/bin/surfaceflinger)
01-13 09:22:52.097  9221  9221 D BLASTBufferQueue: [SurfaceView[com.ludo.shazapiano/com.ludo.shazapiano.MainActivity]#1](f:0,a:0) constructor()
01-13 09:22:52.097  9221  9221 D BLASTBufferQueue: [SurfaceView[com.ludo.shazapiano/com.ludo.shazapiano.MainActivity]#1](f:0,a:0) update width=720 height=1546 format=4 mTransformHint=0
01-13 09:22:52.099   929   929 D SurfaceFlinger: Focus addInputWindowCommands timestamp=150102506332636, windowName=c02a6b9 com.ludo.shazapiano/com.ludo.shazapiano.MainActivity
01-13 09:22:52.101  9221  9485 E ludo.shazapiano: checkIfsupportxIntfps do not binder to joyose
01-13 09:22:52.106   929  1477 D SurfaceFlinger: updateWinowInfo=1, setFocusedWindow timestamp=150102506332636, windowName=c02a6b9 com.ludo.shazapiano/com.ludo.shazapiano.MainActivity
01-13 09:22:52.109  9221  9241 I ludo.shazapiano: Compiler allocated 6656KB to compile void android.view.ViewRootImpl.performTraversals()
01-13 09:22:52.147  9221  9485 D ludo.shazapiano: Can't load libmbrainSDK
01-13 09:22:52.238  9221  9221 D SurfaceView: UPDATE Surface(name=SurfaceView[com.ludo.shazapiano/com.ludo.shazapiano.MainActivity]#9320)/@0xe7020ad, mIsProjectionMode = false
01-13 09:22:52.349  9221  9383 D EventGDTLogger: Session Event: {"eventType":1,"sessionData":{"sessionId":"aa62c3133fd04adeb36011cd397d6c2d","firstSessionId":"aa62c3133fd04adeb36011cd397d6c2d","sessionIndex":0,"eventTimestampUs":1768292572315000,"dataCollectionStatus":{"performance":1,"crashlytics":2,"sessionSamplingRate":1.0},"firebaseInstallationId":"eWvRGelkQeymmMNUIXhFdU","firebaseAuthenticationToken":"eyJhbGciOiJFUzI1NiIsInR5cCI6IkpXVCJ9.eyJhcHBJZCI6IjE6ODA2OTE4ODYyMDk0OmFuZHJvaWQ6M2I3YzYxZjdkMDFjMzcyN2NlOTM1ZiIsImV4cCI6MTc2ODg5NzM3MCwiZmlkIjoiZVd2UkdlbGtRZXltbU1OVUlYaEZkVSIsInByb2plY3ROdW1iZXIiOjgwNjkxODg2MjA5NH0.AB2LPV8wRgIhAMgAKC-rnMSMmjxTIUY6aEv67huD9JwXm9QntWN0abW5AiEAgRuf0zmN_Emr2uvkipOfec1lZ5Kfqx6SnXE1QQ3nBO4"},"applicationInfo":{"appId":"1:806918862094:android:3b7c61f7d01c3727ce935f","deviceModel":"2409BRN2CY","sessionSdkVersion":"1.2.3","osVersion":"15","logEnvironment":3,"androidAppInfo":{"packageName":"com.ludo.shazapiano","versionName":"1.0.0-debug","appBuildVersion":"1","deviceManufacturer":"Xiaomi","currentProcessDetails":{"processName":"com.ludo.shazapiano","pid":9221,"importance":100,"defaultProcess":true},"appProcessDetails":[{"processName":"com.ludo.shazapiano","pid":9221,"importance":100,"defaultProcess":true}]}}}
01-13 09:22:52.504  4161  4161 I PackageInstallReceiver: action = android.intent.action.PACKAGE_CHANGED packageName = com.ludo.shazapiano
01-13 09:22:52.545  1651  3870 D ConnectivityService: requestNetwork for uid/pid:10544/9221 activeRequest: null callbackRequest: 8789 [NetworkRequest [ REQUEST id=8790, [ Capabilities: INTERNET&NOT_RESTRICTED&TRUSTED&NOT_VCN_MANAGED&NOT_BANDWIDTH_CONSTRAINED Uid: 10544 RequestorUid: 10544 RequestorPkg: com.ludo.shazapiano UnderlyingNetworks: Null] ]] callback flags: 0 order: 2147483647 isUidTracked: false declaredMethods: AVAIL|LOST
01-13 09:22:52.559  1651  1881 D WifiNetworkFactory: got request NetworkRequest [ REQUEST id=8790, [ Capabilities: INTERNET&NOT_RESTRICTED&TRUSTED&NOT_VCN_MANAGED&NOT_BANDWIDTH_CONSTRAINED Uid: 10544 RequestorUid: 10544 RequestorPkg: com.ludo.shazapiano UnderlyingNetworks: Null] ]
01-13 09:22:52.560  1651  1881 D UntrustedWifiNetworkFactory: got request NetworkRequest [ REQUEST id=8790, [ Capabilities: INTERNET&NOT_RESTRICTED&TRUSTED&NOT_VCN_MANAGED&NOT_BANDWIDTH_CONSTRAINED Uid: 10544 RequestorUid: 10544 RequestorPkg: com.ludo.shazapiano UnderlyingNetworks: Null] ]
01-13 09:22:52.560  1651  1881 D OemPaidWifiNetworkFactory: got request NetworkRequest [ REQUEST id=8790, [ Capabilities: INTERNET&NOT_RESTRICTED&TRUSTED&NOT_VCN_MANAGED&NOT_BANDWIDTH_CONSTRAINED Uid: 10544 RequestorUid: 10544 RequestorPkg: com.ludo.shazapiano UnderlyingNetworks: Null] ]
01-13 09:22:52.561  1651  1881 D MultiInternetWifiNetworkFactory: got request NetworkRequest [ REQUEST id=8790, [ Capabilities: INTERNET&NOT_RESTRICTED&TRUSTED&NOT_VCN_MANAGED&NOT_BANDWIDTH_CONSTRAINED Uid: 10544 RequestorUid: 10544 RequestorPkg: com.ludo.shazapiano UnderlyingNetworks: Null] ]
01-13 09:22:52.748  9221  9221 W ludo.shazapiano: Failed to find entry 'classes.dex': Entry not found
01-13 09:22:52.804  9221  9221 W ludo.shazapiano: Loading /data/app/~~PTXdgQC9zHmi5ujqK8Y50A==/com.google.android.webview-Dj1Fv8MrR_Cr5pd1x_ASXA==/oat/arm64/base.odex non-executable as it requires an image which we failed to load
01-13 09:22:53.057  1651  3870 D ActivityManager: Logging bindService for com.ludo.shazapiano, stopped=false, firstLaunch=false
01-13 09:22:53.059  1651  3870 D ActivityManager: Logging bindService for com.ludo.shazapiano, stopped=false, firstLaunch=false
01-13 09:22:53.087  1651  1698 I ActivityManager: Start proc 9559:com.google.android.webview:sandboxed_process0:org.chromium.content.app.SandboxedProcessService0:0/u0i44 for  {com.ludo.shazapiano/org.chromium.content.app.SandboxedProcessService0:0} caller=com.ludo.shazapiano
01-13 09:22:53.156  9559  9559 D ActivityThread: setEmbeddedParam packageName=com.ludo.shazapiano processName=com.google.android.webview:sandboxed_process0:org.chromium.content.app.SandboxedProcessService0:0 isEmbedded=false isIsolated=true
01-13 09:22:53.170  9559  9559 I ForceDarkHelperStubImpl: initialize for com.ludo.shazapiano , ForceDarkOrigin
01-13 09:22:53.352  1651  2220 D ConnectivityService: requestNetwork for uid/pid:10544/9221 activeRequest: null callbackRequest: 8791 [NetworkRequest [ REQUEST id=8792, [ Capabilities: INTERNET&NOT_RESTRICTED&TRUSTED&NOT_VCN_MANAGED&NOT_BANDWIDTH_CONSTRAINED Uid: 10544 RequestorUid: 10544 RequestorPkg: com.ludo.shazapiano UnderlyingNetworks: Null] ]] callback flags: 0 order: 2147483647 isUidTracked: false declaredMethods: AVAIL|LOST|NC|LP
01-13 09:22:53.363  1651  1881 D WifiNetworkFactory: got request NetworkRequest [ REQUEST id=8792, [ Capabilities: INTERNET&NOT_RESTRICTED&TRUSTED&NOT_VCN_MANAGED&NOT_BANDWIDTH_CONSTRAINED Uid: 10544 RequestorUid: 10544 RequestorPkg: com.ludo.shazapiano UnderlyingNetworks: Null] ]
01-13 09:22:53.364  1651  1881 D UntrustedWifiNetworkFactory: got request NetworkRequest [ REQUEST id=8792, [ Capabilities: INTERNET&NOT_RESTRICTED&TRUSTED&NOT_VCN_MANAGED&NOT_BANDWIDTH_CONSTRAINED Uid: 10544 RequestorUid: 10544 RequestorPkg: com.ludo.shazapiano UnderlyingNetworks: Null] ]
01-13 09:22:53.365  1651  1881 D OemPaidWifiNetworkFactory: got request NetworkRequest [ REQUEST id=8792, [ Capabilities: INTERNET&NOT_RESTRICTED&TRUSTED&NOT_VCN_MANAGED&NOT_BANDWIDTH_CONSTRAINED Uid: 10544 RequestorUid: 10544 RequestorPkg: com.ludo.shazapiano UnderlyingNetworks: Null] ]
01-13 09:22:53.365  1651  1881 D MultiInternetWifiNetworkFactory: got request NetworkRequest [ REQUEST id=8792, [ Capabilities: INTERNET&NOT_RESTRICTED&TRUSTED&NOT_VCN_MANAGED&NOT_BANDWIDTH_CONSTRAINED Uid: 10544 RequestorUid: 10544 RequestorPkg: com.ludo.shazapiano UnderlyingNetworks: Null] ]
01-13 09:22:53.584  9221  9616 D libMEOW : applied 1 plugins for [com.ludo.shazapiano]:
01-13 09:22:53.590  9221  9221 I ludo.shazapiano: hiddenapi: Accessing hidden field Landroid/content/pm/ApplicationInfo;->primaryCpuAbi:Ljava/lang/String; (runtime_flags=0, domain=platform, api=unsupported) from Lorg/chromium/android_webview/SystemStateUtil; (domain=app, TargetSdkVersion=34) using reflection: allowed
01-13 09:22:53.594  9221  9616 D vulkan  : searching for layers in '/data/app/~~gR0BjBIiWkOsE1QRNF8H0w==/com.ludo.shazapiano-X60E3I1a48L0QxgcGtebig==/lib/arm64'
01-13 09:22:53.595  9221  9616 D vulkan  : searching for layers in '/data/app/~~gR0BjBIiWkOsE1QRNF8H0w==/com.ludo.shazapiano-X60E3I1a48L0QxgcGtebig==/base.apk!/lib/arm64-v8a'
01-13 09:22:53.599  9221  9616 D MMUD    : mtk_memory_debug_init com.ludo.shazapiano 0xb40000798d3a75d0
01-13 09:22:53.604  1651  3870 D ActivityManager: Logging bindService for com.ludo.shazapiano, stopped=false, firstLaunch=false
01-13 09:22:53.605  9221  9633 E ludo.shazapiano: setpriority success to 100 : mali-cmar-backend
01-13 09:22:53.649  9221  9616 D vulkan  : searching for layers in '/data/app/~~gR0BjBIiWkOsE1QRNF8H0w==/com.ludo.shazapiano-X60E3I1a48L0QxgcGtebig==/lib/arm64'
01-13 09:22:53.649  9221  9616 D vulkan  : searching for layers in '/data/app/~~gR0BjBIiWkOsE1QRNF8H0w==/com.ludo.shazapiano-X60E3I1a48L0QxgcGtebig==/base.apk!/lib/arm64-v8a'
01-13 09:22:53.658  9221  9616 D MMUD    : mtk_memory_debug_init com.ludo.shazapiano 0xb40000797dd415d0
01-13 09:22:53.663  9221  9658 E ludo.shazapiano: setpriority success to 100 : mali-cmar-backend
01-13 09:22:54.474  9221  9221 I flutter : Firebase Core initialized
01-13 09:22:54.485  9221  9221 I flutter : Firebase Analytics enabled
01-13 09:22:54.488  9221  9221 I flutter : Crashlytics initialized
01-13 09:22:54.608  9221  9685 D ProfileInstaller: Installing profile for com.ludo.shazapiano
01-13 09:22:55.427  9221  9221 I flutter : Signed in anonymously: 3ehZXkDUaka0bm1SX4VbwpSZYnJ3
01-13 09:22:55.428  9221  9221 I flutter : Anonymous auth initialized
01-13 09:22:55.428  9221  9221 I flutter : Firebase initialized successfully
01-13 09:22:55.428  9221  9221 I flutter : App initialization successful
01-13 09:22:57.193  9221  9485 D BLASTBufferQueue: [SurfaceView[com.ludo.shazapiano/com.ludo.shazapiano.MainActivity]#1](f:0,a:1) acquireNextBufferLocked size=720x1546 mFrameNumber=1 applyTransaction=true mTimestamp=150107630587483(auto) mPendingTransactions.size=0 graphicBufferId=39603893436426 transform=0
01-13 09:22:57.193  9221  9485 D ludo.shazapiano: Can't load libmbrainSDK
01-13 09:22:57.214  9221  9242 W ludo.shazapiano: userfaultfd: MOVE ioctl seems unsupported: Connection timed out
01-13 09:22:57.246  9221  9242 I ludo.shazapiano: Background concurrent mark compact GC freed 10MB AllocSpace bytes, 85(3408KB) LOS objects, 49% free, 6805KB/13MB, paused 1.467ms,7.918ms total 79.837ms
01-13 09:22:57.795  1651  4233 D ConnectivityService: requestNetwork for uid/pid:10544/9221 activeRequest: null callbackRequest: 8794 [NetworkRequest [ REQUEST id=8795, [ Capabilities: INTERNET&NOT_RESTRICTED&TRUSTED&NOT_VCN_MANAGED&NOT_BANDWIDTH_CONSTRAINED Uid: 10544 RequestorUid: 10544 RequestorPkg: com.ludo.shazapiano UnderlyingNetworks: Null] ]] callback flags: 0 order: 2147483647 isUidTracked: false declaredMethods: AVAIL|LOST|NC
01-13 09:22:57.800  1651  1881 D WifiNetworkFactory: got request NetworkRequest [ REQUEST id=8795, [ Capabilities: INTERNET&NOT_RESTRICTED&TRUSTED&NOT_VCN_MANAGED&NOT_BANDWIDTH_CONSTRAINED Uid: 10544 RequestorUid: 10544 RequestorPkg: com.ludo.shazapiano UnderlyingNetworks: Null] ]
01-13 09:22:57.801  1651  1881 D UntrustedWifiNetworkFactory: got request NetworkRequest [ REQUEST id=8795, [ Capabilities: INTERNET&NOT_RESTRICTED&TRUSTED&NOT_VCN_MANAGED&NOT_BANDWIDTH_CONSTRAINED Uid: 10544 RequestorUid: 10544 RequestorPkg: com.ludo.shazapiano UnderlyingNetworks: Null] ]
01-13 09:22:57.801  1651  1881 D OemPaidWifiNetworkFactory: got request NetworkRequest [ REQUEST id=8795, [ Capabilities: INTERNET&NOT_RESTRICTED&TRUSTED&NOT_VCN_MANAGED&NOT_BANDWIDTH_CONSTRAINED Uid: 10544 RequestorUid: 10544 RequestorPkg: com.ludo.shazapiano UnderlyingNetworks: Null] ]
01-13 09:22:57.801  1651  1881 D MultiInternetWifiNetworkFactory: got request NetworkRequest [ REQUEST id=8795, [ Capabilities: INTERNET&NOT_RESTRICTED&TRUSTED&NOT_VCN_MANAGED&NOT_BANDWIDTH_CONSTRAINED Uid: 10544 RequestorUid: 10544 RequestorPkg: com.ludo.shazapiano UnderlyingNetworks: Null] ]
01-13 09:22:57.802  1651  4233 D ConnectivityService: requestNetwork for uid/pid:10544/9221 activeRequest: null callbackRequest: 8796 [NetworkRequest [ REQUEST id=8797, [ Capabilities: INTERNET&NOT_RESTRICTED&TRUSTED&NOT_VCN_MANAGED&NOT_BANDWIDTH_CONSTRAINED Uid: 10544 RequestorUid: 10544 RequestorPkg: com.ludo.shazapiano UnderlyingNetworks: Null] ]] callback flags: 0 order: 2147483647 isUidTracked: false declaredMethods: AVAIL|LOST|NC
01-13 09:22:57.806  1651  1881 D WifiNetworkFactory: got request NetworkRequest [ REQUEST id=8797, [ Capabilities: INTERNET&NOT_RESTRICTED&TRUSTED&NOT_VCN_MANAGED&NOT_BANDWIDTH_CONSTRAINED Uid: 10544 RequestorUid: 10544 RequestorPkg: com.ludo.shazapiano UnderlyingNetworks: Null] ]
01-13 09:22:57.806  1651  1881 D UntrustedWifiNetworkFactory: got request NetworkRequest [ REQUEST id=8797, [ Capabilities: INTERNET&NOT_RESTRICTED&TRUSTED&NOT_VCN_MANAGED&NOT_BANDWIDTH_CONSTRAINED Uid: 10544 RequestorUid: 10544 RequestorPkg: com.ludo.shazapiano UnderlyingNetworks: Null] ]
01-13 09:22:57.806  1651  1881 D OemPaidWifiNetworkFactory: got request NetworkRequest [ REQUEST id=8797, [ Capabilities: INTERNET&NOT_RESTRICTED&TRUSTED&NOT_VCN_MANAGED&NOT_BANDWIDTH_CONSTRAINED Uid: 10544 RequestorUid: 10544 RequestorPkg: com.ludo.shazapiano UnderlyingNetworks: Null] ]
01-13 09:22:57.806  1651  1881 D MultiInternetWifiNetworkFactory: got request NetworkRequest [ REQUEST id=8797, [ Capabilities: INTERNET&NOT_RESTRICTED&TRUSTED&NOT_VCN_MANAGED&NOT_BANDWIDTH_CONSTRAINED Uid: 10544 RequestorUid: 10544 RequestorPkg: com.ludo.shazapiano UnderlyingNetworks: Null] ]
01-13 09:22:57.831  1651  1768 I AppsFilter: interaction: PackageSetting{9d1eb58 com.ludo.shazapiano/10544} -> PackageSetting{1a3e044 com.google.android.apps.mapslite/10343} BLOCKED
01-13 09:22:57.831  1651  1768 I AppsFilter: interaction: PackageSetting{9d1eb58 com.ludo.shazapiano/10544} -> PackageSetting{9b3652d com.google.android.apps.maps/10209} BLOCKED
01-13 09:22:57.858  9221  9369 E ludo.shazapiano: No package ID 6a found for resource ID 0x6a0b0013.
01-13 09:22:57.911  1651  1679 I ActivityTaskManager: visible for Task{dc7108b #1333 type=standard A=10544:com.ludo.shazapiano} visible = true isAnimating = false TRANSITION = false PARENTS = false CHILDREN = false
01-13 09:22:57.923  9221  9411 D ludo.shazapiano: MiuiProcessManagerServiceStub setSchedFifo
01-13 09:22:57.988  1651  2440 D WindowManager: wms.finishDrawingLocked: mDrawState=COMMIT_DRAW_PENDING Window{c02a6b9 u0 com.ludo.shazapiano/com.ludo.shazapiano.MainActivity} in Surface(name=com.ludo.shazapiano/com.ludo.shazapiano.MainActivity#9316)/@0xab99e57
01-13 09:22:57.992  1651  1679 I WindowManager: onFirstWindowDrawn, try to remove startingWindow. this = ActivityRecord{5338605 u0 com.ludo.shazapiano/.MainActivity t1333} associatedTask = null isMainWindow = true mStartingWindow = Window{57d72b0 u0 Splash Screen com.ludo.shazapiano} mStartingData = SplashScreenStartingData{f142a67 waitForSyncTransactionCommit=false removeAfterTransaction= 0}
01-13 09:22:57.994   929  1110 I BufferQueueDebug: [Surface(name=c02a6b9 com.ludo.shazapiano/com.ludo.shazapiano.MainActivity#9315)/@0xc4fc25f - animation-leash of starting_reveal#9323](this:0xb400007c7d1fbac8,id:-1,api:0,p:-1,c:-1) BufferQueue core=(929:/system/bin/surfaceflinger)
01-13 09:22:58.000  1651  1679 I ATMSImpl: No snapshot since not start by launcher, activity=com.ludo.shazapiano/.MainActivity
01-13 09:22:58.001  1651  1679 I SmartPower: Miui monitor launch : com.ludo.shazapiano/.MainActivity  transitionTime:2999  launchTime:11420  launchFrom:com.android.shell  launchType:1
01-13 09:22:58.004  2316  2519 D BLASTBufferQueue: [VRI[shazapiano]#343](f:0,a:1) destructor()
01-13 09:22:58.008  1651  1669 I ActivityTaskManager: Displayed com.ludo.shazapiano/.MainActivity for user 0: +11s420ms
01-13 09:22:58.009  1651  1669 I ActivityTaskManager: Fully drawn com.ludo.shazapiano/.MainActivity: +11s420ms
01-13 09:22:58.009  2316  2519 D BufferQueueConsumer: [VRI[shazapiano]#343(BLAST Consumer)343](id:90c0000018a,api:0,p:-1,c:2316) disconnect
01-13 09:22:58.012  1651  1679 I WindowManager: wms.showSurfaceRobustly mWin:Window{c02a6b9 u0 com.ludo.shazapiano/com.ludo.shazapiano.MainActivity}
01-13 09:22:58.013  1651  1679 I ActivityTaskManager: visible for Task{dc7108b #1333 type=standard A=10544:com.ludo.shazapiano} visible = true isAnimating = true TRANSITION = false PARENTS = false CHILDREN = true
01-13 09:22:58.023  1651  2220 D CoreBackPreview: Window{57d72b0 u0 Splash Screen com.ludo.shazapiano}: Setting back callback null
01-13 09:22:58.024  1651  4233 D WindowManager: Starting window removed Window{57d72b0 u0 Splash Screen com.ludo.shazapiano}
01-13 09:22:58.028  1651  4233 W InputManager-JNI: Input channel object '57d72b0 Splash Screen com.ludo.shazapiano (client)' was disposed without first being removed with the input manager!
01-13 09:22:58.038   929  1110 I BufferQueueDebug: [Surface(name=57d72b0 Splash Screen com.ludo.shazapiano#9309)/@0xeae00ae - animation-leash of window_animation#9324](this:0xb400007c7d158758,id:-1,api:0,p:-1,c:-1) BufferQueue core=(929:/system/bin/surfaceflinger)
01-13 09:22:58.056  1651  3870 I PowerHalWrapper: amsBoostNotify pid:25518,activity:com.tencent.mm.ui.LauncherUI, package:com.tencent.mm, mProcessCreatePackcom.ludo.shazapiano
01-13 09:22:58.062   866   866 I MTK_APPList: [notifyAPPstate] multi_resumed_app_info[4] com.ludo.shazapiano/com.ludo.shazapiano.MainActivity, pid:9221, activityId:87262725, fps:-1, isMultiWindow:1
01-13 09:22:58.067  1651  1679 I ActivityTaskManager: visible for Task{dc7108b #1333 type=standard A=10544:com.ludo.shazapiano} visible = true isAnimating = true TRANSITION = false PARENTS = false CHILDREN = true
01-13 09:22:58.071  1651  1679 I WindowManager: StartingWindow exit animation finished, win = Window{57d72b0 u0 Splash Screen com.ludo.shazapiano EXITING} remove = true
01-13 09:22:58.081  1651  1679 D WindowManager: setParent old=ActivityRecord{5338605 u0 com.ludo.shazapiano/.MainActivity t1333},new=null,this window=Window{57d72b0 u0 Splash Screen com.ludo.shazapiano},callers=com.android.server.wm.WindowContainer.removeChild:897 com.android.server.wm.ActivityRecord.removeChild:5578 com.android.server.wm.ActivityRecord.removeChild:511 com.android.server.wm.WindowContainer.removeImmediately:967 com.android.server.wm.WindowState.removeImmediately:2549 com.android.server.wm.WindowState.destroySurface:3650
01-13 09:22:58.083  1651  1679 D WindowManager: postWindowRemoveCleanupLocked: Removing startingWindow Window{57d72b0 u0 Splash Screen com.ludo.shazapiano} from ActivityRecord{5338605 u0 com.ludo.shazapiano/.MainActivity t1333} activity = ActivityRecord{5338605 u0 com.ludo.shazapiano/.MainActivity t1333}
01-13 09:22:58.089  1651  1844 I ImeTracker: com.ludo.shazapiano:72c64b5d: onRequestHide at ORIGIN_SERVER reason HIDE_UNSPECIFIED_WINDOW fromUser false
01-13 09:22:58.090  1651  1844 I ImeTracker: com.ludo.shazapiano:72c64b5d: onCancelled at PHASE_SERVER_SHOULD_HIDE
01-13 09:22:58.092  1651  1679 I ActivityTaskManager: visible for Task{dc7108b #1333 type=standard A=10544:com.ludo.shazapiano} visible = true isAnimating = false TRANSITION = false PARENTS = false CHILDREN = false
01-13 09:22:58.107  9221  9727 I ludo.shazapiano: Waiting for a blocking GC ClassLinker
01-13 09:22:58.112   929   929 I SurfaceFlinger: onHandleDestroyed: name=Splash Screen com.ludo.shazapiano#9310, layerId=9310, parentId=0
01-13 09:22:58.112   929   929 I SurfaceFlinger: onHandleDestroyed: name=Surface(name=57d72b0 Splash Screen com.ludo.shazapiano#9309)/@0xeae00ae - animation-leash of window_animation#9324, layerId=9324, parentId=0
01-13 09:22:58.112   929   929 I SurfaceFlinger: onHandleDestroyed: name=57d72b0 Splash Screen com.ludo.shazapiano#9309, layerId=9309, parentId=0
01-13 09:22:58.128   929   929 I BufferQueueDebug: [Surface(name=57d72b0 Splash Screen com.ludo.shazapiano#9309)/@0xeae00ae - animation-leash of window_animation#9324](this:0xb400007c7d158758,id:-1,api:0,p:-1,c:929) onDestructor()
01-13 09:22:58.128   929   929 I BufferQueueDebug: [Splash Screen com.ludo.shazapiano#9310](this:0xb400007c7d213fb8,id:-1,api:0,p:-1,c:929) onDestructor()
01-13 09:22:58.129   929   929 I BufferQueueDebug: [57d72b0 Splash Screen com.ludo.shazapiano#9309](this:0xb400007c7d225588,id:-1,api:0,p:-1,c:929) onDestructor()
01-13 09:22:58.178  1651  1679 I ActivityTaskManager: visible for Task{dc7108b #1333 type=standard A=10544:com.ludo.shazapiano} visible = true isAnimating = false TRANSITION = false PARENTS = false CHILDREN = false
01-13 09:22:58.198  2322  3709 W RecentsModel: getRunningTask   taskInfo=TaskInfo{userId=0 taskId=1333 displayId=0 isRunning=true baseIntent=Intent { act=android.intent.action.MAIN cat=[android.intent.category.LAUNCHER] flg=0x30000000 cmp=com.ludo.shazapiano/.MainActivity } baseActivity=ComponentInfo{com.ludo.shazapiano/com.ludo.shazapiano.MainActivity} topActivity=ComponentInfo{com.ludo.shazapiano/com.ludo.shazapiano.MainActivity} origActivity=null realActivity=ComponentInfo{com.ludo.shazapiano/com.ludo.shazapiano.MainActivity} numActivities=1 lastActiveTime=171658581 supportsSplitScreenMultiWindow=true supportsMultiWindow=true resizeMode=1 isResizeable=true minWidth=-1 minHeight=-1 defaultMinSize=200 token=WCT{android.window.IWindowContainerToken$Stub$Proxy@91bf824} topActivityType=1 pictureInPictureParams=null shouldDockBigOverlays=false launchIntoPipHostTaskId=-1 lastParentTaskIdBeforePip=-1 displayCutoutSafeInsets=Rect(0, 68 - 0, 0) topActivityInfo=ActivityInfo{65bcf8d com.ludo.shazapiano.MainActivity} launchCookies=[] positionInParent=Point(0, 0) parentTaskId=-1 isFocused=true isVisible=true isVisibleRequested=true isSleeping=false locusId=null displayAreaFeatureId=1 isTopActivityTransparent=false appCompatTaskInfo=AppCompatTaskInfo { topActivityInSizeCompat=false topActivityEligibleForLetterboxEducation= falseisLetterboxEducationEnabled= false isLetterboxDoubleTapEnabled= false topActivityEligibleForUserAspectRatioButton= false topActivityBoundsLetterboxed= false isFromLetterboxDoubleTap= false topActivityLetterboxVerticalPosition= -1 topActivityLetterboxHorizontalPosition= -1 topActivityLetterboxWidth=720 topActivityLetterboxHeight=1640 isUserFullscreenOverrideEnabled=false isSystemFullscreenOverrideEnabled=false cameraCompatTaskInfo=CameraCompatTaskInfo { cameraCompatControlState=hidden freeformCameraCompatMode=inactive}} isImmersive=false mTopActivityRequestOrientation=-1 mBehindAppLockPkg=null mOriginatingUid=0 isEmbedded=false shouldBeVisible=true isCreatedByOrganizer=false mIsCastMode=false mTopActivityMediaSize=null mTopActivityRecordName=ActivityRecord{5338605 u0 com.ludo.shazapiano/.MainActivity t1333} mTopActivityOrientation=-1}
01-13 09:22:58.199  3714  3714 I GoogleInputMethodService: GoogleInputMethodService.onStartInput():1349 onStartInput(EditorInfo{EditorInfo{packageName=com.ludo.shazapiano, inputType=0, inputTypeString=NULL, enableLearning=false, autoCorrection=false, autoComplete=false, imeOptions=0, privateImeOptions=null, actionName=UNSPECIFIED, actionLabel=null, initialSelStart=-1, initialSelEnd=-1, initialCapsMode=0, label=null, fieldId=0, fieldName=null, extras=Bundle[mParcelledData.dataSize=72], hintText=null, hintLocales=[]}}, false)
01-13 09:22:58.200  1651  1679 I ActivityTaskManager: visible for Task{dc7108b #1333 type=standard A=10544:com.ludo.shazapiano} visible = true isAnimating = false TRANSITION = false PARENTS = false CHILDREN = false
01-13 09:22:58.224  2322  3709 E ActivityManagerWrapper:  mainTaskId=1333   userId=0   windowMode=1   baseIntent=Intent { act=android.intent.action.MAIN flag=805306368 cmp=ComponentInfo{com.ludo.shazapiano/com.ludo.shazapiano.MainActivity} }
01-13 09:22:58.227   929   929 I BufferQueueProducer: [SurfaceView[com.ludo.shazapiano/com.ludo.shazapiano.MainActivity](BLAST)#9321](this:0xb400007c7d1a4db8,id:-1,api:0,p:-1,c:929) queueBuffer: fps=7.88 dur=1015.64 max=515.78 min=16.77
01-13 09:22:58.227  2322  3709 D RecentsTaskLoader: reloadTasksData [TaskKey{id=1333, stackId=0, baseIntent=Intent { act=android.intent.action.MAIN cat=[android.intent.category.LAUNCHER] flg=0x30000000 cmp=com.ludo.shazapiano/.MainActivity }, userId=0, lastActiveTime=171649896, windowingMode=1, isThumbnailBlur=false, isAccessLocked=false, isScreening=false, topActivity=ComponentInfo{com.ludo.shazapiano/com.ludo.shazapiano.MainActivity}, mHashCode=40634955}, title=ShazaPiano, titleDescription=ShazaPiano, bounds=null, isLaunchTarget=false, isStackTask=true, isSystemApp=false, isDockable=true, baseActivity=ComponentInfo{com.ludo.shazapiano/com.ludo.shazapiano.MainActivity}, isLocked=false, mNeedHide=false, hasMultipleTasks=false, cti1Key=, cti2Key=]
01-13 09:22:58.229  1651  1768 W PackageConfigPersister: App-specific configuration not found for packageName: com.ludo.shazapiano and userId: 0
01-13 09:22:58.278  1651  1679 I ActivityTaskManager: visible for Task{dc7108b #1333 type=standard A=10544:com.ludo.shazapiano} visible = true isAnimating = false TRANSITION = false PARENTS = false CHILDREN = false
01-13 09:22:58.352  9221  9242 W ludo.shazapiano: Suspending all threads took: 12.221ms
01-13 09:22:58.487  9221  9242 I ludo.shazapiano: Background young concurrent mark compact GC freed 3776KB AllocSpace bytes, 14(2224KB) LOS objects, 43% free, 7682KB/13MB, paused 21.319ms,18.498ms total 389.025ms
01-13 09:22:58.489  9221  9727 I ludo.shazapiano: WaitForGcToComplete blocked ClassLinker on Background for 382.508ms
01-13 09:22:58.559  9221  9727 D nativeloader: Load /data/user/0/com.ludo.shazapiano/app_pccache/5/362BAA1E742037C69CD8BF98C5D97909342864E7/pcam.jar!/libd3C69E579693B.so using isolated ns clns-14 (caller=/data/user/0/com.ludo.shazapiano/app_pccache/5/362BAA1E742037C69CD8BF98C5D97909342864E7/pcam.jar): ok
01-13 09:22:58.827  1651  1679 I ActivityTaskManager: visible for Task{dc7108b #1333 type=standard A=10544:com.ludo.shazapiano} visible = true isAnimating = false TRANSITION = false PARENTS = false CHILDREN = false
01-13 09:22:59.002  1651  1934 E RTMode  : pkgName: com.ludo.shazapiano has no permission
01-13 09:22:59.148  1651  1934 E RTMode  : pkgName: com.ludo.shazapiano has no permission
01-13 09:22:59.156  1651  1934 E RTMode  : pkgName: com.ludo.shazapiano has no permission
01-13 09:22:59.165  1651  1934 E RTMode  : pkgName: com.ludo.shazapiano has no permission
01-13 09:22:59.173  1651  1934 E RTMode  : pkgName: com.ludo.shazapiano has no permission
01-13 09:22:59.181  1651  1934 E RTMode  : pkgName: com.ludo.shazapiano has no permission
01-13 09:22:59.190  1651  1934 E RTMode  : pkgName: com.ludo.shazapiano has no permission
01-13 09:22:59.198  1651  1934 E RTMode  : pkgName: com.ludo.shazapiano has no permission
01-13 09:22:59.198  1651  1934 E RTMode  : pkgName: com.ludo.shazapiano has no permission
01-13 09:22:59.206  1651  1934 E RTMode  : pkgName: com.ludo.shazapiano has no permission
01-13 09:22:59.215  1651  1934 E RTMode  : pkgName: com.ludo.shazapiano has no permission
01-13 09:22:59.223  1651  1934 E RTMode  : pkgName: com.ludo.shazapiano has no permission
01-13 09:22:59.235  1651  1934 E RTMode  : pkgName: com.ludo.shazapiano has no permission
01-13 09:22:59.240  1651  1934 E RTMode  : pkgName: com.ludo.shazapiano has no permission
01-13 09:22:59.255  1651  1934 E RTMode  : pkgName: com.ludo.shazapiano has no permission
01-13 09:22:59.256  1651  1934 E RTMode  : pkgName: com.ludo.shazapiano has no permission
01-13 09:22:59.261   929   929 I BufferQueueProducer: [SurfaceView[com.ludo.shazapiano/com.ludo.shazapiano.MainActivity](BLAST)#9321](this:0xb400007c7d1a4db8,id:-1,api:0,p:-1,c:929) queueBuffer: fps=38.70 dur=1033.60 max=66.73 min=16.12
01-13 09:22:59.266  1651  1934 E RTMode  : pkgName: com.ludo.shazapiano has no permission
01-13 09:22:59.273  1651  1934 E RTMode  : pkgName: com.ludo.shazapiano has no permission
01-13 09:22:59.279  1651  1679 I ActivityTaskManager: visible for Task{dc7108b #1333 type=standard A=10544:com.ludo.shazapiano} visible = true isAnimating = false TRANSITION = false PARENTS = false CHILDREN = false
01-13 09:22:59.283  1651  1934 E RTMode  : pkgName: com.ludo.shazapiano has no permission
01-13 09:22:59.289  1651  1934 E RTMode  : pkgName: com.ludo.shazapiano has no permission
01-13 09:22:59.301  1651  1934 E RTMode  : pkgName: com.ludo.shazapiano has no permission
01-13 09:22:59.307  1651  1934 E RTMode  : pkgName: com.ludo.shazapiano has no permission
01-13 09:22:59.311  1651  1679 I ActivityTaskManager: visible for Task{dc7108b #1333 type=standard A=10544:com.ludo.shazapiano} visible = true isAnimating = false TRANSITION = false PARENTS = false CHILDREN = false
01-13 09:22:59.316  1651  1934 E RTMode  : pkgName: com.ludo.shazapiano has no permission
01-13 09:22:59.322  1651  1934 E RTMode  : pkgName: com.ludo.shazapiano has no permission
01-13 09:22:59.333  1651  1934 E RTMode  : pkgName: com.ludo.shazapiano has no permission
01-13 09:22:59.339  1651  1934 E RTMode  : pkgName: com.ludo.shazapiano has no permission
01-13 09:22:59.349  1651  1934 E RTMode  : pkgName: com.ludo.shazapiano has no permission
01-13 09:22:59.358  1651  1934 E RTMode  : pkgName: com.ludo.shazapiano has no permission
01-13 09:22:59.366  1651  1934 E RTMode  : pkgName: com.ludo.shazapiano has no permission
01-13 09:22:59.373  1651  1934 E RTMode  : pkgName: com.ludo.shazapiano has no permission
01-13 09:22:59.381  1651  1934 E RTMode  : pkgName: com.ludo.shazapiano has no permission
01-13 09:22:59.390  1651  1934 E RTMode  : pkgName: com.ludo.shazapiano has no permission
01-13 09:22:59.398  1651  1934 E RTMode  : pkgName: com.ludo.shazapiano has no permission
01-13 09:22:59.408  1651  1934 E RTMode  : pkgName: com.ludo.shazapiano has no permission
01-13 09:22:59.414  1651  1934 E RTMode  : pkgName: com.ludo.shazapiano has no permission
01-13 09:22:59.422  1651  1934 E RTMode  : pkgName: com.ludo.shazapiano has no permission
01-13 09:22:59.431  1651  1934 E RTMode  : pkgName: com.ludo.shazapiano has no permission
01-13 09:22:59.441  1651  1934 E RTMode  : pkgName: com.ludo.shazapiano has no permission
01-13 09:22:59.449  1651  1934 E RTMode  : pkgName: com.ludo.shazapiano has no permission
01-13 09:22:59.458  1651  1934 E RTMode  : pkgName: com.ludo.shazapiano has no permission
01-13 09:22:59.464  1651  1934 E RTMode  : pkgName: com.ludo.shazapiano has no permission
01-13 09:22:59.473  1651  1934 E RTMode  : pkgName: com.ludo.shazapiano has no permission
01-13 09:22:59.481  1651  1934 E RTMode  : pkgName: com.ludo.shazapiano has no permission
01-13 09:22:59.493  1651  1934 E RTMode  : pkgName: com.ludo.shazapiano has no permission
01-13 09:22:59.498  1651  1934 E RTMode  : pkgName: com.ludo.shazapiano has no permission
01-13 09:22:59.506  1651  1934 E RTMode  : pkgName: com.ludo.shazapiano has no permission
01-13 09:22:59.515  1651  1934 E RTMode  : pkgName: com.ludo.shazapiano has no permission
01-13 09:22:59.525  1651  1934 E RTMode  : pkgName: com.ludo.shazapiano has no permission
01-13 09:22:59.531  1651  1934 E RTMode  : pkgName: com.ludo.shazapiano has no permission
01-13 09:22:59.539  1651  1934 E RTMode  : pkgName: com.ludo.shazapiano has no permission
01-13 09:22:59.548  1651  1934 E RTMode  : pkgName: com.ludo.shazapiano has no permission
01-13 09:22:59.558  1651  1934 E RTMode  : pkgName: com.ludo.shazapiano has no permission
01-13 09:22:59.565  1651  1934 E RTMode  : pkgName: com.ludo.shazapiano has no permission
01-13 09:22:59.574  1651  1934 E RTMode  : pkgName: com.ludo.shazapiano has no permission
01-13 09:22:59.581  1651  1934 E RTMode  : pkgName: com.ludo.shazapiano has no permission
01-13 09:22:59.591  1651  1934 E RTMode  : pkgName: com.ludo.shazapiano has no permission
01-13 09:22:59.600  1651  1934 E RTMode  : pkgName: com.ludo.shazapiano has no permission
01-13 09:22:59.606  1651  1934 E RTMode  : pkgName: com.ludo.shazapiano has no permission
01-13 09:22:59.615  1651  1934 E RTMode  : pkgName: com.ludo.shazapiano has no permission
01-13 09:22:59.623  1651  1934 E RTMode  : pkgName: com.ludo.shazapiano has no permission
01-13 09:22:59.631  1651  1934 E RTMode  : pkgName: com.ludo.shazapiano has no permission
01-13 09:22:59.640  1651  1934 E RTMode  : pkgName: com.ludo.shazapiano has no permission
01-13 09:22:59.648  1651  1934 E RTMode  : pkgName: com.ludo.shazapiano has no permission
01-13 09:22:59.659  1651  1934 E RTMode  : pkgName: com.ludo.shazapiano has no permission
01-13 09:22:59.665  1651  1934 E RTMode  : pkgName: com.ludo.shazapiano has no permission
01-13 09:22:59.673  1651  1934 E RTMode  : pkgName: com.ludo.shazapiano has no permission
01-13 09:22:59.681  1651  1934 E RTMode  : pkgName: com.ludo.shazapiano has no permission
01-13 09:22:59.691  1651  1934 E RTMode  : pkgName: com.ludo.shazapiano has no permission
01-13 09:22:59.693  1651  1679 I ActivityTaskManager: visible for Task{dc7108b #1333 type=standard A=10544:com.ludo.shazapiano} visible = true isAnimating = false TRANSITION = false PARENTS = false CHILDREN = false
01-13 09:22:59.698  1651  1934 E RTMode  : pkgName: com.ludo.shazapiano has no permission
01-13 09:22:59.707  1651  1934 E RTMode  : pkgName: com.ludo.shazapiano has no permission
01-13 09:22:59.716  1651  1934 E RTMode  : pkgName: com.ludo.shazapiano has no permission
01-13 09:22:59.724  1651  1934 E RTMode  : pkgName: com.ludo.shazapiano has no permission
01-13 09:22:59.731  1651  1934 E RTMode  : pkgName: com.ludo.shazapiano has no permission
01-13 09:22:59.740  1651  1934 E RTMode  : pkgName: com.ludo.shazapiano has no permission
01-13 09:22:59.748  1651  1934 E RTMode  : pkgName: com.ludo.shazapiano has no permission
01-13 09:22:59.757  1651  1934 E RTMode  : pkgName: com.ludo.shazapiano has no permission
01-13 09:22:59.764  1651  1934 E RTMode  : pkgName: com.ludo.shazapiano has no permission
01-13 09:22:59.775  1651  1934 E RTMode  : pkgName: com.ludo.shazapiano has no permission
01-13 09:22:59.781  1651  1934 E RTMode  : pkgName: com.ludo.shazapiano has no permission
01-13 09:22:59.791  1651  1934 E RTMode  : pkgName: com.ludo.shazapiano has no permission
01-13 09:22:59.797  1651  1934 E RTMode  : pkgName: com.ludo.shazapiano has no permission
01-13 09:22:59.806  1651  1934 E RTMode  : pkgName: com.ludo.shazapiano has no permission
01-13 09:22:59.814  1651  1934 E RTMode  : pkgName: com.ludo.shazapiano has no permission
01-13 09:22:59.822  1651  1934 E RTMode  : pkgName: com.ludo.shazapiano has no permission
01-13 09:22:59.831  1651  1934 E RTMode  : pkgName: com.ludo.shazapiano has no permission
01-13 09:22:59.839  1651  1934 E RTMode  : pkgName: com.ludo.shazapiano has no permission
01-13 09:22:59.847  1651  1934 E RTMode  : pkgName: com.ludo.shazapiano has no permission
01-13 09:22:59.855  1651  1934 E RTMode  : pkgName: com.ludo.shazapiano has no permission
01-13 09:22:59.864  1651  1934 E RTMode  : pkgName: com.ludo.shazapiano has no permission
01-13 09:22:59.872  1651  1934 E RTMode  : pkgName: com.ludo.shazapiano has no permission
01-13 09:22:59.880  1651  1934 E RTMode  : pkgName: com.ludo.shazapiano has no permission
01-13 09:22:59.889  1651  1934 E RTMode  : pkgName: com.ludo.shazapiano has no permission
